
Optional file libmchp_peripheral.a not found

Optional file libmchp_peripheral_32MX795F512L.a not found
Archive member included to satisfy reference by file (symbol)

d:/mplab_x_ide_pic32/microchip/xc32/v4.60/bin/bin/../../lib/gcc/pic32mx/8.3.1\libgcc.a(floatunsisf.o)
                              build/default/production/_ext/60165182/plib_can1.o (__floatunsisf)
d:/mplab_x_ide_pic32/microchip/xc32/v4.60/bin/bin/../../lib/gcc/pic32mx/8.3.1/../../../../pic32mx/lib\libpic32.a(default-on-reset.o)
                              C:\Users\Bianca\AppData\Local\Temp\ccv89Xxa.o (_on_reset)
d:/mplab_x_ide_pic32/microchip/xc32/v4.60/bin/bin/../../lib/gcc/pic32mx/8.3.1/../../../../pic32mx/lib\libpic32.a(default-on-bootstrap.o)
                              C:\Users\Bianca\AppData\Local\Temp\ccv89Xxa.o (_on_bootstrap)
d:/mplab_x_ide_pic32/microchip/xc32/v4.60/bin/bin/../../lib/gcc/pic32mx/8.3.1/../../../../pic32mx/lib\libpic32.a(default-nmi-handler.o)
                              C:\Users\Bianca\AppData\Local\Temp\ccv89Xxa.o (_nmi_handler)
d:/mplab_x_ide_pic32/microchip/xc32/v4.60/bin/bin/../../lib/gcc/pic32mx/8.3.1/../../../../pic32mx/lib\libpic32.a(pic32_data_init_core.o)
                              C:\Users\Bianca\AppData\Local\Temp\ccv89Xxa.o (__pic32_data_init)
d:/mplab_x_ide_pic32/microchip/xc32/v4.60/bin/bin/../../lib/gcc/pic32mx/8.3.1/../../../../pic32mx/lib\libpic32.a(general-exception.o)
                              C:\Users\Bianca\AppData\Local\Temp\ccv89Xxa.o (_general_exception_context)
d:/mplab_x_ide_pic32/microchip/xc32/v4.60/bin/bin/../../lib/gcc/pic32mx/8.3.1/../../../../pic32mx/lib\libpic32.a(vector1.o)
                              C:\Users\Bianca\AppData\Local\Temp\ccF87uQB.o (__vector_dispatch_1)
d:/mplab_x_ide_pic32/microchip/xc32/v4.60/bin/bin/../../lib/gcc/pic32mx/8.3.1/../../../../pic32mx/lib\libpic32.a(vector2.o)
                              C:\Users\Bianca\AppData\Local\Temp\ccF87uQB.o (__vector_dispatch_2)
d:/mplab_x_ide_pic32/microchip/xc32/v4.60/bin/bin/../../lib/gcc/pic32mx/8.3.1/../../../../pic32mx/lib\libpic32.a(vector3.o)
                              C:\Users\Bianca\AppData\Local\Temp\ccF87uQB.o (__vector_dispatch_3)
d:/mplab_x_ide_pic32/microchip/xc32/v4.60/bin/bin/../../lib/gcc/pic32mx/8.3.1/../../../../pic32mx/lib\libpic32.a(vector5.o)
                              C:\Users\Bianca\AppData\Local\Temp\ccF87uQB.o (__vector_dispatch_5)
d:/mplab_x_ide_pic32/microchip/xc32/v4.60/bin/bin/../../lib/gcc/pic32mx/8.3.1/../../../../pic32mx/lib\libpic32.a(vector6.o)
                              C:\Users\Bianca\AppData\Local\Temp\ccF87uQB.o (__vector_dispatch_6)
d:/mplab_x_ide_pic32/microchip/xc32/v4.60/bin/bin/../../lib/gcc/pic32mx/8.3.1/../../../../pic32mx/lib\libpic32.a(vector7.o)
                              C:\Users\Bianca\AppData\Local\Temp\ccF87uQB.o (__vector_dispatch_7)
d:/mplab_x_ide_pic32/microchip/xc32/v4.60/bin/bin/../../lib/gcc/pic32mx/8.3.1/../../../../pic32mx/lib\libpic32.a(vector8.o)
                              C:\Users\Bianca\AppData\Local\Temp\ccF87uQB.o (__vector_dispatch_8)
d:/mplab_x_ide_pic32/microchip/xc32/v4.60/bin/bin/../../lib/gcc/pic32mx/8.3.1/../../../../pic32mx/lib\libpic32.a(vector9.o)
                              C:\Users\Bianca\AppData\Local\Temp\ccF87uQB.o (__vector_dispatch_9)
d:/mplab_x_ide_pic32/microchip/xc32/v4.60/bin/bin/../../lib/gcc/pic32mx/8.3.1/../../../../pic32mx/lib\libpic32.a(vector10.o)
                              C:\Users\Bianca\AppData\Local\Temp\ccF87uQB.o (__vector_dispatch_10)
d:/mplab_x_ide_pic32/microchip/xc32/v4.60/bin/bin/../../lib/gcc/pic32mx/8.3.1/../../../../pic32mx/lib\libpic32.a(vector11.o)
                              C:\Users\Bianca\AppData\Local\Temp\ccF87uQB.o (__vector_dispatch_11)
d:/mplab_x_ide_pic32/microchip/xc32/v4.60/bin/bin/../../lib/gcc/pic32mx/8.3.1/../../../../pic32mx/lib\libpic32.a(vector12.o)
                              C:\Users\Bianca\AppData\Local\Temp\ccF87uQB.o (__vector_dispatch_12)
d:/mplab_x_ide_pic32/microchip/xc32/v4.60/bin/bin/../../lib/gcc/pic32mx/8.3.1/../../../../pic32mx/lib\libpic32.a(vector13.o)
                              C:\Users\Bianca\AppData\Local\Temp\ccF87uQB.o (__vector_dispatch_13)
d:/mplab_x_ide_pic32/microchip/xc32/v4.60/bin/bin/../../lib/gcc/pic32mx/8.3.1/../../../../pic32mx/lib\libpic32.a(vector14.o)
                              C:\Users\Bianca\AppData\Local\Temp\ccF87uQB.o (__vector_dispatch_14)
d:/mplab_x_ide_pic32/microchip/xc32/v4.60/bin/bin/../../lib/gcc/pic32mx/8.3.1/../../../../pic32mx/lib\libpic32.a(vector15.o)
                              C:\Users\Bianca\AppData\Local\Temp\ccF87uQB.o (__vector_dispatch_15)
d:/mplab_x_ide_pic32/microchip/xc32/v4.60/bin/bin/../../lib/gcc/pic32mx/8.3.1/../../../../pic32mx/lib\libpic32.a(vector16.o)
                              C:\Users\Bianca\AppData\Local\Temp\ccF87uQB.o (__vector_dispatch_16)
d:/mplab_x_ide_pic32/microchip/xc32/v4.60/bin/bin/../../lib/gcc/pic32mx/8.3.1/../../../../pic32mx/lib\libpic32.a(vector17.o)
[...]
Memory Configuration

Name             Origin             Length             Attributes
kseg0_program_mem 0x000000009d000000 0x0000000000080000 xr
kseg0_boot_mem   0x000000009fc00490 0x0000000000000970
exception_mem    0x000000009fc01000 0x0000000000001000
kseg1_boot_mem   0x00000000bfc00000 0x0000000000000490
debug_exec_mem   0x00000000bfc02000 0x0000000000000ff0
config3          0x00000000bfc02ff0 0x0000000000000004
config2          0x00000000bfc02ff4 0x0000000000000004
config1          0x00000000bfc02ff8 0x0000000000000004
config0          0x00000000bfc02ffc 0x0000000000000004
kseg1_data_mem   0x00000000a0000000 0x0000000000020000 w !x
sfrs             0x00000000bf800000 0x0000000000100000
configsfrs       0x00000000bfc02ff0 0x0000000000000010
*default*        0x0000000000000000 0xffffffffffffffff

Linker script and memory map

LOAD d:/mplab_x_ide_pic32/microchip/xc32/v4.60/bin/bin/../../lib/gcc/pic32mx/8.3.1/crti.o
LOAD d:/mplab_x_ide_pic32/microchip/xc32/v4.60/bin/bin/../../lib/gcc/pic32mx/8.3.1/crtbegin.o
LOAD build/default/production/APP_FILES/DEVICES/can_protocol.o
LOAD build/default/production/APP_FILES/DEVICES/debug_uart.o
LOAD build/default/production/APP_FILES/DEVICES/eeprom_24cxx.o
LOAD build/default/production/APP_FILES/DEVICES/keypad.o
LOAD build/default/production/APP_FILES/DEVICES/lcd_12864.o
LOAD build/default/production/APP_FILES/DEVICES/door_lock.o
LOAD build/default/production/APP_FILES/DRIVERS/lcd_drv_st7920.o
LOAD build/default/production/APP_FILES/EXAMPLES/codec_user_test.o
LOAD build/default/production/APP_FILES/EXAMPLES/keypad_test.o
LOAD build/default/production/APP_FILES/EXAMPLES/debug_uart_test.o
LOAD build/default/production/APP_FILES/LIBRARIES/user_manager.o
LOAD build/default/production/APP_FILES/UTILS/codec_user.o
LOAD build/default/production/APP_FILES/UTILS/delay.o
LOAD build/default/production/APP_FILES/application.o
LOAD build/default/production/_ext/60165182/plib_can1.o
LOAD build/default/production/_ext/60165520/plib_clk.o
LOAD build/default/production/_ext/1249264884/plib_coretimer.o
LOAD build/default/production/_ext/1865200349/plib_evic.o
LOAD build/default/production/_ext/1865254177/plib_gpio.o
LOAD build/default/production/_ext/513455433/plib_i2c1_master.o
LOAD build/default/production/_ext/60169480/plib_i2c_smbus_common.o
LOAD build/default/production/_ext/1865638794/plib_tmr1.o
LOAD build/default/production/_ext/1865657120/plib_uart2.o
LOAD build/default/production/_ext/163028504/xc32_monitor.o
LOAD build/default/production/_ext/1171490990/interrupts.o
LOAD build/default/production/_ext/1171490990/initialization.o
LOAD build/default/production/_ext/1171490990/exceptions.o
LOAD build/default/production/_ext/1360937237/main.o
LOAD build/default/production/APP_FILES/EXAMPLES/eeprom_test.o
LOAD build/default/production/APP_FILES/EXAMPLES/can_eeprom_test.o
LOAD build/default/production/APP_FILES/EXAMPLES/door_lock_test.o
                0x0000000000000001                __MPLAB_BUILD = 0x1
                0x0000000000000400                PROVIDE (_min_stack_size = 0x400)
START GROUP
LOAD libmchp_peripheral.a
END GROUP
START GROUP
LOAD libmchp_peripheral_32MX795F512L.a
END GROUP
                0x0000000000000001                PROVIDE (_vector_spacing = 0x1)
                0x000000009fc01000                PROVIDE (_ebase_address = 0x9fc01000)
                0x00000000bfc00000                _RESET_ADDR = 0xbfc00000
                0x00000000bfc00380                _BEV_EXCPT_ADDR = 0xbfc00380
                0x00000000bfc00480                _DBG_EXCPT_ADDR = 0xbfc00480
                0x00000000bfc02000                _DBG_CODE_ADDR = 0xbfc02000
                0x0000000000000ff0                _DBG_CODE_SIZE = 0xff0
                0x000000009fc01180                _GEN_EXCPT_ADDR = (_ebase_address + 0x180)

.config_BFC02FF0
 *(.config_BFC02FF0)

.config_BFC02FF4
 *(.config_BFC02FF4)

.config_BFC02FF8
 *(.config_BFC02FF8)

.config_BFC02FFC
 *(.config_BFC02FFC)

.reset          0x00000000bfc00000      0x170
 *(.reset)
 .reset         0x00000000bfc00000        0x8 C:\Users\Bianca\AppData\Local\Temp\ccv89Xxa.o
                0x00000000bfc00000                _reset
 *(.reset.startup)
 .reset.startup
                0x00000000bfc00008      0x168 C:\Users\Bianca\AppData\Local\Temp\ccv89Xxa.o
                0x00000000bfc00008                _startup

.bev_excpt      0x00000000bfc00380       0x10
 *(.bev_handler)
 .bev_handler   0x00000000bfc00380       0x10 C:\Users\Bianca\AppData\Local\Temp\ccv89Xxa.o

.dbg_excpt      0x00000000bfc00480        0x0
                0x00000000bfc00480                . = (. + DEFINED (_DEBUGGER)?0x8:0x0)

.dbg_code       0x00000000bfc02000        0x0
                0x00000000bfc02000                . = (. + DEFINED (_DEBUGGER)?_DBG_CODE_SIZE:0x0)

.app_excpt      0x000000009fc01180       0x10
 *(.gen_handler)
 .gen_handler   0x000000009fc01180       0x10 C:\Users\Bianca\AppData\Local\Temp\ccv89Xxa.o

.vector_0       0x000000009fc01200        0x8
 *(.vector_0)
 .vector_0      0x000000009fc01200        0x8 build/default/production/_ext/1171490990/interrupts.o
                0x000000009fc01200                __vector_dispatch_0
                0x0000000000000001                ASSERT (((_vector_spacing == 0x0) || (SIZEOF (.vector_0) <= (_vector_spacing << 0x5))), function at exception vector 0 too large)

.vector_1       0x000000009fc01220        0x8
 *(.vector_1)
 .vector_1      0x000000009fc01220        0x8 d:/mplab_x_ide_pic32/microchip/xc32/v4.60/bin/bin/../../lib/gcc/pic32mx/8.3.1/../../../../pic32mx/lib\libpic32.a(vector1.o)
                0x000000009fc01220                __vector_dispatch_1
                0x0000000000000001                ASSERT (((_vector_spacing == 0x0) || (SIZEOF (.vector_1) <= (_vector_spacing << 0x5))), function at exception vector 1 too large)

.vector_2       0x000000009fc01240        0x8
 *(.vector_2)
 .vector_2      0x000000009fc01240        0x8 d:/mplab_x_ide_pic32/microchip/xc32/v4.60/bin/bin/../../lib/gcc/pic32mx/8.3.1/../../../../pic32mx/lib\libpic32.a(vector2.o)
                0x000000009fc01240                __vector_dispatch_2
                0x0000000000000001                ASSERT (((_vector_spacing == 0x0) || (SIZEOF (.vector_2) <= (_vector_spacing << 0x5))), function at exception vector 2 too large)

.vector_3       0x000000009fc01260        0x8
 *(.vector_3)
 .vector_3      0x000000009fc01260        0x8 d:/mplab_x_ide_pic32/microchip/xc32/v4.60/bin/bin/../../lib/gcc/pic32mx/8.3.1/../../../../pic32mx/lib\libpic32.a(vector3.o)
                0x000000009fc01260                __vector_dispatch_3
                0x0000000000000001                ASSERT (((_vector_spacing == 0x0) || (SIZEOF (.vector_3) <= (_vector_spacing << 0x5))), function at exception vector 3 too large)

.vector_4       0x000000009fc01280        0x8
 *(.vector_4)
 .vector_4      0x000000009fc01280        0x8 build/default/production/_ext/1171490990/interrupts.o
                0x000000009fc01280                __vector_dispatch_4
                0x0000000000000001                ASSERT (((_vector_spacing == 0x0) || (SIZEOF (.vector_4) <= (_vector_spacing << 0x5))), function at exception vector 4 too large)

.vector_5       0x000000009fc012a0        0x8
 *(.vector_5)
 .vector_5      0x000000009fc012a0        0x8 d:/mplab_x_ide_pic32/microchip/xc32/v4.60/bin/bin/../../lib/gcc/pic32mx/8.3.1/../../../../pic32mx/lib\libpic32.a(vector5.o)
                0x000000009fc012a0                __vector_dispatch_5
                0x0000000000000001                ASSERT (((_vector_spacing == 0x0) || (SIZEOF (.vector_5) <= (_vector_spacing << 0x5))), function at exception vector 5 too large)

.vector_6       0x000000009fc012c0        0x8
 *(.vector_6)
 .vector_6      0x000000009fc012c0        0x8 d:/mplab_x_ide_pic32/microchip/xc32/v4.60/bin/bin/../../lib/gcc/pic32mx/8.3.1/../../../../pic32mx/lib\libpic32.a(vector6.o)
                0x000000009fc012c0                __vector_dispatch_6
                0x0000000000000001                ASSERT (((_vector_spacing == 0x0) || (SIZEOF (.vector_6) <= (_vector_spacing << 0x5))), function at exception vector 6 too large)

.vector_7       0x000000009fc012e0        0x8
 *(.vector_7)
 .vector_7      0x000000009fc012e0        0x8 d:/mplab_x_ide_pic32/microchip/xc32/v4.60/bin/bin/../../lib/gcc/pic32mx/8.3.1/../../../../pic32mx/lib\libpic32.a(vector7.o)
                0x000000009fc012e0                __vector_dispatch_7
                0x0000000000000001                ASSERT (((_vector_spacing == 0x0) || (SIZEOF (.vector_7) <= (_vector_spacing << 0x5))), function at exception vector 7 too large)

.vector_8       0x000000009fc01300        0x8
 *(.vector_8)
 .vector_8      0x000000009fc01300        0x8 d:/mplab_x_ide_pic32/microchip/xc32/v4.60/bin/bin/../../lib/gcc/pic32mx/8.3.1/../../../../pic32mx/lib\libpic32.a(vector8.o)
                0x000000009fc01300                __vector_dispatch_8
                0x0000000000000001                ASSERT (((_vector_spacing == 0x0) || (SIZEOF (.vector_8) <= (_vector_spacing << 0x5))), function at exception vector 8 too large)

.vector_9       0x000000009fc01320        0x8
 *(.vector_9)
 .vector_9      0x000000009fc01320        0x8 d:/mplab_x_ide_pic32/microchip/xc32/v4.60/bin/bin/../../lib/gcc/pic32mx/8.3.1/../../../../pic32mx/lib\libpic32.a(vector9.o)
                0x000000009fc01320                __vector_dispatch_9
                0x0000000000000001                ASSERT (((_vector_spacing == 0x0) || (SIZEOF (.vector_9) <= (_vector_spacing << 0x5))), function at exception vector 9 too large)

.vector_10      0x000000009fc01340        0x8
 *(.vector_10)
 .vector_10     0x000000009fc01340        0x8 d:/mplab_x_ide_pic32/microchip/xc32/v4.60/bin/bin/../../lib/gcc/pic32mx/8.3.1/../../../../pic32mx/lib\libpic32.a(vector10.o)
                0x000000009fc01340                __vector_dispatch_10
                0x0000000000000001                ASSERT (((_vector_spacing == 0x0) || (SIZEOF (.vector_10) <= (_vector_spacing << 0x5))), function at exception vector 10 too large)

.vector_11      0x000000009fc01360        0x8
 *(.vector_11)
 .vector_11     0x000000009fc01360        0x8 d:/mplab_x_ide_pic32/microchip/xc32/v4.60/bin/bin/../../lib/gcc/pic32mx/8.3.1/../../../../pic32mx/lib\libpic32.a(vector11.o)
                0x000000009fc01360                __vector_dispatch_11
                0x0000000000000001                ASSERT (((_vector_spacing == 0x0) || (SIZEOF (.vector_11) <= (_vector_spacing << 0x5))), function at exception vector 11 too large)

.vector_12      0x000000009fc01380        0x8
 *(.vector_12)
 .vector_12     0x000000009fc01380        0x8 d:/mplab_x_ide_pic32/microchip/xc32/v4.60/bin/bin/../../lib/gcc/pic32mx/8.3.1/../../../../pic32mx/lib\libpic32.a(vector12.o)
                0x000000009fc01380                __vector_dispatch_12
                0x0000000000000001                ASSERT (((_vector_spacing == 0x0) || (SIZEOF (.vector_12) <= (_vector_spacing << 0x5))), function at exception vector 12 too large)

.vector_13      0x000000009fc013a0        0x8
 *(.vector_13)
 .vector_13     0x000000009fc013a0        0x8 d:/mplab_x_ide_pic32/microchip/xc32/v4.60/bin/bin/../../lib/gcc/pic32mx/8.3.1/../../../../pic32mx/lib\libpic32.a(vector13.o)
                0x000000009fc013a0                __vector_dispatch_13
                0x0000000000000001                ASSERT (((_vector_spacing == 0x0) || (SIZEOF (.vector_13) <= (_vector_spacing << 0x5))), function at exception vector 13 too large)

.vector_14      0x000000009fc013c0        0x8
 *(.vector_14)
 .vector_14     0x000000009fc013c0        0x8 d:/mplab_x_ide_pic32/microchip/xc32/v4.60/bin/bin/../../lib/gcc/pic32mx/8.3.1/../../../../pic32mx/lib\libpic32.a(vector14.o)
                0x000000009fc013c0                __vector_dispatch_14
                0x0000000000000001                ASSERT (((_vector_spacing == 0x0) || (SIZEOF (.vector_14) <= (_vector_spacing << 0x5))), function at exception vector 14 too large)

.vector_15      0x000000009fc013e0        0x8
 *(.vector_15)
 .vector_15     0x000000009fc013e0        0x8 d:/mplab_x_ide_pic32/microchip/xc32/v4.60/bin/bin/../../lib/gcc/pic32mx/8.3.1/../../../../pic32mx/lib\libpic32.a(vector15.o)
                0x000000009fc013e0                __vector_dispatch_15
                0x0000000000000001                ASSERT (((_vector_spacing == 0x0) || (SIZEOF (.vector_15) <= (_vector_spacing << 0x5))), function at exception vector 15 too large)

.vector_16      0x000000009fc01400        0x8
 *(.vector_16)
 .vector_16     0x000000009fc01400        0x8 d:/mplab_x_ide_pic32/microchip/xc32/v4.60/bin/bin/../../lib/gcc/pic32mx/8.3.1/../../../../pic32mx/lib\libpic32.a(vector16.o)
                0x000000009fc01400                __vector_dispatch_16
                0x0000000000000001                ASSERT (((_vector_spacing == 0x0) || (SIZEOF (.vector_16) <= (_vector_spacing << 0x5))), function at exception vector 16 too large)

.vector_17      0x000000009fc01420        0x8
 *(.vector_17)
 .vector_17     0x000000009fc01420        0x8 d:/mplab_x_ide_pic32/microchip/xc32/v4.60/bin/bin/../../lib/gcc/pic32mx/8.3.1/../../../../pic32mx/lib\libpic32.a(vector17.o)
                0x000000009fc01420                __vector_dispatch_17
                0x0000000000000001                ASSERT (((_vector_spacing == 0x0) || (SIZEOF (.vector_17) <= (_vector_spacing << 0x5))), function at exception vector 17 too large)

.vector_18      0x000000009fc01440        0x8
 *(.vector_18)
 .vector_18     0x000000009fc01440        0x8 d:/mplab_x_ide_pic32/microchip/xc32/v4.60/bin/bin/../../lib/gcc/pic32mx/8.3.1/../../../../pic32mx/lib\libpic32.a(vector18.o)
                0x000000009fc01440                __vector_dispatch_18
                0x0000000000000001                ASSERT (((_vector_spacing == 0x0) || (SIZEOF (.vector_18) <= (_vector_spacing << 0x5))), function at exception vector 18 too large)

.vector_19      0x000000009fc01460        0x8
 *(.vector_19)
 .vector_19     0x000000009fc01460        0x8 d:/mplab_x_ide_pic32/microchip/xc32/v4.60/bin/bin/../../lib/gcc/pic32mx/8.3.1/../../../../pic32mx/lib\libpic32.a(vector19.o)
                0x000000009fc01460                __vector_dispatch_19
                0x0000000000000001                ASSERT (((_vector_spacing == 0x0) || (SIZEOF (.vector_19) <= (_vector_spacing << 0x5))), function at exception vector 19 too large)

.vector_20      0x000000009fc01480        0x8
 *(.vector_20)
 .vector_20     0x000000009fc01480        0x8 d:/mplab_x_ide_pic32/microchip/xc32/v4.60/bin/bin/../../lib/gcc/pic32mx/8.3.1/../../../../pic32mx/lib\libpic32.a(vector20.o)
                0x000000009fc01480                __vector_dispatch_20
                0x0000000000000001                ASSERT (((_vector_spacing == 0x0) || (SIZEOF (.vector_20) <= (_vector_spacing << 0x5))), function at exception vector 20 too large)

.vector_21      0x000000009fc014a0        0x8
 *(.vector_21)
 .vector_21     0x000000009fc014a0        0x8 d:/mplab_x_ide_pic32/microchip/xc32/v4.60/bin/bin/../../lib/gcc/pic32mx/8.3.1/../../../../pic32mx/lib\libpic32.a(vector21.o)
                0x000000009fc014a0                __vector_dispatch_21
                0x0000000000000001                ASSERT (((_vector_spacing == 0x0) || (SIZEOF (.vector_21) <= (_vector_spacing << 0x5))), function at exception vector 21 too large)

.vector_22      0x000000009fc014c0        0x8
 *(.vector_22)
 .vector_22     0x000000009fc014c0        0x8 d:/mplab_x_ide_pic32/microchip/xc32/v4.60/bin/bin/../../lib/gcc/pic32mx/8.3.1/../../../../pic32mx/lib\libpic32.a(vector22.o)
                0x000000009fc014c0                __vector_dispatch_22
                0x0000000000000001                ASSERT (((_vector_spacing == 0x0) || (SIZEOF (.vector_22) <= (_vector_spacing << 0x5))), function at exception vector 22 too large)

.vector_23      0x000000009fc014e0        0x8
 *(.vector_23)
 .vector_23     0x000000009fc014e0        0x8 d:/mplab_x_ide_pic32/microchip/xc32/v4.60/bin/bin/../../lib/gcc/pic32mx/8.3.1/../../../../pic32mx/lib\libpic32.a(vector23.o)
                0x000000009fc014e0                __vector_dispatch_23
                0x0000000000000001                ASSERT (((_vector_spacing == 0x0) || (SIZEOF (.vector_23) <= (_vector_spacing << 0x5))), function at exception vector 23 too large)

.vector_24      0x000000009fc01500        0x8
 *(.vector_24)
 .vector_24     0x000000009fc01500        0x8 d:/mplab_x_ide_pic32/microchip/xc32/v4.60/bin/bin/../../lib/gcc/pic32mx/8.3.1/../../../../pic32mx/lib\libpic32.a(vector24.o)
                0x000000009fc01500                __vector_dispatch_24
                0x0000000000000001                ASSERT (((_vector_spacing == 0x0) || (SIZEOF (.vector_24) <= (_vector_spacing << 0x5))), function at exception vector 24 too large)

.vector_25      0x000000009fc01520        0x8
 *(.vector_25)
 .vector_25     0x000000009fc01520        0x8 build/default/production/_ext/1171490990/interrupts.o
                0x000000009fc01520                __vector_dispatch_25
                0x0000000000000001                ASSERT (((_vector_spacing == 0x0) || (SIZEOF (.vector_25) <= (_vector_spacing << 0x5))), function at exception vector 25 too large)

.vector_26      0x000000009fc01540        0x8
 *(.vector_26)
 .vector_26     0x000000009fc01540        0x8 build/default/production/_ext/1171490990/interrupts.o
                0x000000009fc01540                __vector_dispatch_26
                0x0000000000000001                ASSERT (((_vector_spacing == 0x0) || (SIZEOF (.vector_26) <= (_vector_spacing << 0x5))), function at exception vector 26 too large)

.vector_27      0x000000009fc01560        0x8
 *(.vector_27)
 .vector_27     0x000000009fc01560        0x8 d:/mplab_x_ide_pic32/microchip/xc32/v4.60/bin/bin/../../lib/gcc/pic32mx/8.3.1/../../../../pic32mx/lib\libpic32.a(vector27.o)
                0x000000009fc01560                __vector_dispatch_27
                0x0000000000000001                ASSERT (((_vector_spacing == 0x0) || (SIZEOF (.vector_27) <= (_vector_spacing << 0x5))), function at exception vector 27 too large)

.vector_28      0x000000009fc01580        0x8
 *(.vector_28)
 .vector_28     0x000000009fc01580        0x8 d:/mplab_x_ide_pic32/microchip/xc32/v4.60/bin/bin/../../lib/gcc/pic32mx/8.3.1/../../../../pic32mx/lib\libpic32.a(vector28.o)
                0x000000009fc01580                __vector_dispatch_28
                0x0000000000000001                ASSERT (((_vector_spacing == 0x0) || (SIZEOF (.vector_28) <= (_vector_spacing << 0x5))), function at exception vector 28 too large)

.vector_29      0x000000009fc015a0        0x8
 *(.vector_29)
 .vector_29     0x000000009fc015a0        0x8 d:/mplab_x_ide_pic32/microchip/xc32/v4.60/bin/bin/../../lib/gcc/pic32mx/8.3.1/../../../../pic32mx/lib\libpic32.a(vector29.o)
                0x000000009fc015a0                __vector_dispatch_29
                0x0000000000000001                ASSERT (((_vector_spacing == 0x0) || (SIZEOF (.vector_29) <= (_vector_spacing << 0x5))), function at exception vector 29 too large)

.vector_30      0x000000009fc015c0        0x8
 *(.vector_30)
 .vector_30     0x000000009fc015c0        0x8 d:/mplab_x_ide_pic32/microchip/xc32/v4.60/bin/bin/../../lib/gcc/pic32mx/8.3.1/../../../../pic32mx/lib\libpic32.a(vector30.o)
                0x000000009fc015c0                __vector_dispatch_30
                0x0000000000000001                ASSERT (((_vector_spacing == 0x0) || (SIZEOF (.vector_30) <= (_vector_spacing << 0x5))), function at exception vector 30 too large)

.vector_31      0x000000009fc015e0        0x8
 *(.vector_31)
 .vector_31     0x000000009fc015e0        0x8 d:/mplab_x_ide_pic32/microchip/xc32/v4.60/bin/bin/../../lib/gcc/pic32mx/8.3.1/../../../../pic32mx/lib\libpic32.a(vector31.o)
                0x000000009fc015e0                __vector_dispatch_31
                0x0000000000000001                ASSERT (((_vector_spacing == 0x0) || (SIZEOF (.vector_31) <= (_vector_spacing << 0x5))), function at exception vector 31 too large)

.vector_32      0x000000009fc01600        0x8
 *(.vector_32)
 .vector_32     0x000000009fc01600        0x8 build/default/production/_ext/1171490990/interrupts.o
                0x000000009fc01600                __vector_dispatch_32
                0x0000000000000001                ASSERT (((_vector_spacing == 0x0) || (SIZEOF (.vector_32) <= (_vector_spacing << 0x5))), function at exception vector 32 too large)

.vector_33      0x000000009fc01620        0x8
 *(.vector_33)
 .vector_33     0x000000009fc01620        0x8 d:/mplab_x_ide_pic32/microchip/xc32/v4.60/bin/bin/../../lib/gcc/pic32mx/8.3.1/../../../../pic32mx/lib\libpic32.a(vector33.o)
                0x000000009fc01620                __vector_dispatch_33
                0x0000000000000001                ASSERT (((_vector_spacing == 0x0) || (SIZEOF (.vector_33) <= (_vector_spacing << 0x5))), function at exception vector 33 too large)

.vector_34      0x000000009fc01640        0x8
 *(.vector_34)
 .vector_34     0x000000009fc01640        0x8 d:/mplab_x_ide_pic32/microchip/xc32/v4.60/bin/bin/../../lib/gcc/pic32mx/8.3.1/../../../../pic32mx/lib\libpic32.a(vector34.o)
                0x000000009fc01640                __vector_dispatch_34
                0x0000000000000001                ASSERT (((_vector_spacing == 0x0) || (SIZEOF (.vector_34) <= (_vector_spacing << 0x5))), function at exception vector 34 too large)

.vector_35      0x000000009fc01660        0x8
 *(.vector_35)
 .vector_35     0x000000009fc01660        0x8 d:/mplab_x_ide_pic32/microchip/xc32/v4.60/bin/bin/../../lib/gcc/pic32mx/8.3.1/../../../../pic32mx/lib\libpic32.a(vector35.o)
                0x000000009fc01660                __vector_dispatch_35
                0x0000000000000001                ASSERT (((_vector_spacing == 0x0) || (SIZEOF (.vector_35) <= (_vector_spacing << 0x5))), function at exception vector 35 too large)

.vector_36      0x000000009fc01680        0x8
 *(.vector_36)
 .vector_36     0x000000009fc01680        0x8 d:/mplab_x_ide_pic32/microchip/xc32/v4.60/bin/bin/../../lib/gcc/pic32mx/8.3.1/../../../../pic32mx/lib\libpic32.a(vector36.o)
                0x000000009fc01680                __vector_dispatch_36
                0x0000000000000001                ASSERT (((_vector_spacing == 0x0) || (SIZEOF (.vector_36) <= (_vector_spacing << 0x5))), function at exception vector 36 too large)

.vector_37      0x000000009fc016a0        0x8
 *(.vector_37)
 .vector_37     0x000000009fc016a0        0x8 d:/mplab_x_ide_pic32/microchip/xc32/v4.60/bin/bin/../../lib/gcc/pic32mx/8.3.1/../../../../pic32mx/lib\libpic32.a(vector37.o)
                0x000000009fc016a0                __vector_dispatch_37
                0x0000000000000001                ASSERT (((_vector_spacing == 0x0) || (SIZEOF (.vector_37) <= (_vector_spacing << 0x5))), function at exception vector 37 too large)

.vector_38      0x000000009fc016c0        0x8
 *(.vector_38)
 .vector_38     0x000000009fc016c0        0x8 d:/mplab_x_ide_pic32/microchip/xc32/v4.60/bin/bin/../../lib/gcc/pic32mx/8.3.1/../../../../pic32mx/lib\libpic32.a(vector38.o)
                0x000000009fc016c0                __vector_dispatch_38
                0x0000000000000001                ASSERT (((_vector_spacing == 0x0) || (SIZEOF (.vector_38) <= (_vector_spacing << 0x5))), function at exception vector 38 too large)

.vector_39      0x000000009fc016e0        0x8
 *(.vector_39)
 .vector_39     0x000000009fc016e0        0x8 d:/mplab_x_ide_pic32/microchip/xc32/v4.60/bin/bin/../../lib/gcc/pic32mx/8.3.1/../../../../pic32mx/lib\libpic32.a(vector39.o)
                0x000000009fc016e0                __vector_dispatch_39
                0x0000000000000001                ASSERT (((_vector_spacing == 0x0) || (SIZEOF (.vector_39) <= (_vector_spacing << 0x5))), function at exception vector 39 too large)

.vector_40      0x000000009fc01700        0x8
 *(.vector_40)
 .vector_40     0x000000009fc01700        0x8 d:/mplab_x_ide_pic32/microchip/xc32/v4.60/bin/bin/../../lib/gcc/pic32mx/8.3.1/../../../../pic32mx/lib\libpic32.a(vector40.o)
                0x000000009fc01700                __vector_dispatch_40
                0x0000000000000001                ASSERT (((_vector_spacing == 0x0) || (SIZEOF (.vector_40) <= (_vector_spacing << 0x5))), function at exception vector 40 too large)

.vector_41      0x000000009fc01720        0x8
 *(.vector_41)
 .vector_41     0x000000009fc01720        0x8 d:/mplab_x_ide_pic32/microchip/xc32/v4.60/bin/bin/../../lib/gcc/pic32mx/8.3.1/../../../../pic32mx/lib\libpic32.a(vector41.o)
                0x000000009fc01720                __vector_dispatch_41
                0x0000000000000001                ASSERT (((_vector_spacing == 0x0) || (SIZEOF (.vector_41) <= (_vector_spacing << 0x5))), function at exception vector 41 too large)

.vector_42      0x000000009fc01740        0x8
 *(.vector_42)
 .vector_42     0x000000009fc01740        0x8 d:/mplab_x_ide_pic32/microchip/xc32/v4.60/bin/bin/../../lib/gcc/pic32mx/8.3.1/../../../../pic32mx/lib\libpic32.a(vector42.o)
                0x000000009fc01740                __vector_dispatch_42
                0x0000000000000001                ASSERT (((_vector_spacing == 0x0) || (SIZEOF (.vector_42) <= (_vector_spacing << 0x5))), function at exception vector 42 too large)

.vector_43      0x000000009fc01760        0x8
 *(.vector_43)
 .vector_43     0x000000009fc01760        0x8 d:/mplab_x_ide_pic32/microchip/xc32/v4.60/bin/bin/../../lib/gcc/pic32mx/8.3.1/../../../../pic32mx/lib\libpic32.a(vector43.o)
                0x000000009fc01760                __vector_dispatch_43
                0x0000000000000001                ASSERT (((_vector_spacing == 0x0) || (SIZEOF (.vector_43) <= (_vector_spacing << 0x5))), function at exception vector 43 too large)

.vector_44      0x000000009fc01780        0x8
 *(.vector_44)
 .vector_44     0x000000009fc01780        0x8 d:/mplab_x_ide_pic32/microchip/xc32/v4.60/bin/bin/../../lib/gcc/pic32mx/8.3.1/../../../../pic32mx/lib\libpic32.a(vector44.o)
                0x000000009fc01780                __vector_dispatch_44
                0x0000000000000001                ASSERT (((_vector_spacing == 0x0) || (SIZEOF (.vector_44) <= (_vector_spacing << 0x5))), function at exception vector 44 too large)

.vector_45      0x000000009fc017a0        0x8
 *(.vector_45)
 .vector_45     0x000000009fc017a0        0x8 d:/mplab_x_ide_pic32/microchip/xc32/v4.60/bin/bin/../../lib/gcc/pic32mx/8.3.1/../../../../pic32mx/lib\libpic32.a(vector45.o)
                0x000000009fc017a0                __vector_dispatch_45
                0x0000000000000001                ASSERT (((_vector_spacing == 0x0) || (SIZEOF (.vector_45) <= (_vector_spacing << 0x5))), function at exception vector 45 too large)

.vector_46      0x000000009fc017c0        0x8
 *(.vector_46)
 .vector_46     0x000000009fc017c0        0x8 build/default/production/_ext/1171490990/interrupts.o
                0x000000009fc017c0                __vector_dispatch_46
                0x0000000000000001                ASSERT (((_vector_spacing == 0x0) || (SIZEOF (.vector_46) <= (_vector_spacing << 0x5))), function at exception vector 46 too large)

.vector_47      0x000000009fc017e0        0x8
 *(.vector_47)
 .vector_47     0x000000009fc017e0        0x8 d:/mplab_x_ide_pic32/microchip/xc32/v4.60/bin/bin/../../lib/gcc/pic32mx/8.3.1/../../../../pic32mx/lib\libpic32.a(vector47.o)
                0x000000009fc017e0                __vector_dispatch_47
                0x0000000000000001                ASSERT (((_vector_spacing == 0x0) || (SIZEOF (.vector_47) <= (_vector_spacing << 0x5))), function at exception vector 47 too large)

.vector_48      0x000000009fc01800        0x8
 *(.vector_48)
 .vector_48     0x000000009fc01800        0x8 d:/mplab_x_ide_pic32/microchip/xc32/v4.60/bin/bin/../../lib/gcc/pic32mx/8.3.1/../../../../pic32mx/lib\libpic32.a(vector48.o)
                0x000000009fc01800                __vector_dispatch_48
                0x0000000000000001                ASSERT (((_vector_spacing == 0x0) || (SIZEOF (.vector_48) <= (_vector_spacing << 0x5))), function at exception vector 48 too large)

.vector_49      0x000000009fc01820        0x8
 *(.vector_49)
 .vector_49     0x000000009fc01820        0x8 d:/mplab_x_ide_pic32/microchip/xc32/v4.60/bin/bin/../../lib/gcc/pic32mx/8.3.1/../../../../pic32mx/lib\libpic32.a(vector49.o)
                0x000000009fc01820                __vector_dispatch_49
                0x0000000000000001                ASSERT (((_vector_spacing == 0x0) || (SIZEOF (.vector_49) <= (_vector_spacing << 0x5))), function at exception vector 49 too large)

.vector_50      0x000000009fc01840        0x8
 *(.vector_50)
 .vector_50     0x000000009fc01840        0x8 d:/mplab_x_ide_pic32/microchip/xc32/v4.60/bin/bin/../../lib/gcc/pic32mx/8.3.1/../../../../pic32mx/lib\libpic32.a(vector50.o)
                0x000000009fc01840                __vector_dispatch_50
                0x0000000000000001                ASSERT (((_vector_spacing == 0x0) || (SIZEOF (.vector_50) <= (_vector_spacing << 0x5))), function at exception vector 50 too large)

.vector_51      0x000000009fc01860        0x8
 *(.vector_51)
 .vector_51     0x000000009fc01860        0x8 d:/mplab_x_ide_pic32/microchip/xc32/v4.60/bin/bin/../../lib/gcc/pic32mx/8.3.1/../../../../pic32mx/lib\libpic32.a(vector51.o)
                0x000000009fc01860                __vector_dispatch_51
                0x0000000000000001                ASSERT (((_vector_spacing == 0x0) || (SIZEOF (.vector_51) <= (_vector_spacing << 0x5))), function at exception vector 51 too large)

.vector_52      0x000000009fc01880        0x0
 *(.vector_52)
                0x0000000000000001                ASSERT (((_vector_spacing == 0x0) || (SIZEOF (.vector_52) <= (_vector_spacing << 0x5))), function at exception vector 52 too large)

.vector_53      0x000000009fc018a0        0x0
 *(.vector_53)
                0x0000000000000001                ASSERT (((_vector_spacing == 0x0) || (SIZEOF (.vector_53) <= (_vector_spacing << 0x5))), function at exception vector 53 too large)

.vector_54      0x000000009fc018c0        0x0
 *(.vector_54)
                0x0000000000000001                ASSERT (((_vector_spacing == 0x0) || (SIZEOF (.vector_54) <= (_vector_spacing << 0x5))), function at exception vector 54 too large)

.vector_55      0x000000009fc018e0        0x0
 *(.vector_55)
                0x0000000000000001                ASSERT (((_vector_spacing == 0x0) || (SIZEOF (.vector_55) <= (_vector_spacing << 0x5))), function at exception vector 55 too large)

.vector_56      0x000000009fc01900        0x0
 *(.vector_56)
                0x0000000000000001                ASSERT (((_vector_spacing == 0x0) || (SIZEOF (.vector_56) <= (_vector_spacing << 0x5))), function at exception vector 56 too large)

.vector_57      0x000000009fc01920        0x0
 *(.vector_57)
                0x0000000000000001                ASSERT (((_vector_spacing == 0x0) || (SIZEOF (.vector_57) <= (_vector_spacing << 0x5))), function at exception vector 57 too large)

.vector_58      0x000000009fc01940        0x0
 *(.vector_58)
                0x0000000000000001                ASSERT (((_vector_spacing == 0x0) || (SIZEOF (.vector_58) <= (_vector_spacing << 0x5))), function at exception vector 58 too large)

.vector_59      0x000000009fc01960        0x0
 *(.vector_59)
                0x0000000000000001                ASSERT (((_vector_spacing == 0x0) || (SIZEOF (.vector_59) <= (_vector_spacing << 0x5))), function at exception vector 59 too large)

.vector_60      0x000000009fc01980        0x0
 *(.vector_60)
                0x0000000000000001                ASSERT (((_vector_spacing == 0x0) || (SIZEOF (.vector_60) <= (_vector_spacing << 0x5))), function at exception vector 60 too large)

.vector_61      0x000000009fc019a0        0x0
 *(.vector_61)
                0x0000000000000001                ASSERT (((_vector_spacing == 0x0) || (SIZEOF (.vector_61) <= (_vector_spacing << 0x5))), function at exception vector 61 too large)

.vector_62      0x000000009fc019c0        0x0
 *(.vector_62)
                0x0000000000000001                ASSERT (((_vector_spacing == 0x0) || (SIZEOF (.vector_62) <= (_vector_spacing << 0x5))), function at exception vector 62 too large)

.vector_63      0x000000009fc019e0        0x0
 *(.vector_63)
                0x0000000000000001                ASSERT (((_vector_spacing == 0x0) || (SIZEOF (.vector_63) <= (_vector_spacing << 0x5))), function at exception vector 63 too large)

.startup
 *(.startup)

.text           0x000000009d000000        0x0
 *(.stub .gnu.linkonce.t.*)
 *(.text.*personality*)
 *(.mips16.fn.*)
 *(.mips16.call.*)
 *(.gnu.warning)
                0x000000009d000000                . = ALIGN (0x4)

.init           0x000000009d000000       0x24
 *crti.o(.init)
 .init          0x000000009d000000        0x8 d:/mplab_x_ide_pic32/microchip/xc32/v4.60/bin/bin/../../lib/gcc/pic32mx/8.3.1/crti.o
                0x000000009d000000                _init
 *crtbegin.o(.init)
 .init          0x000000009d000008        0x8 d:/mplab_x_ide_pic32/microchip/xc32/v4.60/bin/bin/../../lib/gcc/pic32mx/8.3.1/crtbegin.o
 *(EXCLUDE_FILE(*crtn.o *crtend?.o *crtend.o) .init)
 *crtend.o(.init)
 .init          0x000000009d000010        0x8 d:/mplab_x_ide_pic32/microchip/xc32/v4.60/bin/bin/../../lib/gcc/pic32mx/8.3.1/crtend.o
 *crtn.o(.init)
 .init          0x000000009d000018        0xc d:/mplab_x_ide_pic32/microchip/xc32/v4.60/bin/bin/../../lib/gcc/pic32mx/8.3.1/crtn.o
                0x000000009d000024                . = ALIGN (0x4)

.fini           0x000000009d000024       0x1c
 *(.fini)
 .fini          0x000000009d000024        0x8 d:/mplab_x_ide_pic32/microchip/xc32/v4.60/bin/bin/../../lib/gcc/pic32mx/8.3.1/crti.o
                0x000000009d000024                _fini
 .fini          0x000000009d00002c        0x8 d:/mplab_x_ide_pic32/microchip/xc32/v4.60/bin/bin/../../lib/gcc/pic32mx/8.3.1/crtbegin.o
 .fini          0x000000009d000034        0xc d:/mplab_x_ide_pic32/microchip/xc32/v4.60/bin/bin/../../lib/gcc/pic32mx/8.3.1/crtn.o
                0x000000009d000040                . = ALIGN (0x4)

.preinit_array  0x000000009d000040        0x0
                [!provide]                        PROVIDE (__preinit_array_start = .)
 *(.preinit_array)
                [!provide]                        PROVIDE (__preinit_array_end = .)
                0x000000009d000040                . = ALIGN (0x4)

.init_array     0x000000009d000040        0x0
                [!provide]                        PROVIDE (__init_array_start = .)
 *(SORT_BY_NAME(.init_array.*))
 *(.init_array)
                [!provide]                        PROVIDE (__init_array_end = .)
                0x000000009d000040                . = ALIGN (0x4)

.fini_array     0x000000009d000040        0x0
                [!provide]                        PROVIDE (__fini_array_start = .)
 *(SORT_BY_NAME(.fini_array.*))
 *(.fini_array)
                [!provide]                        PROVIDE (__fini_array_end = .)
                0x000000009d000040                . = ALIGN (0x4)

.ctors          0x000000009d000040        0x8
 *crtbegin.o(.ctors)
 .ctors         0x000000009d000040        0x4 d:/mplab_x_ide_pic32/microchip/xc32/v4.60/bin/bin/../../lib/gcc/pic32mx/8.3.1/crtbegin.o
 *crtbegin?.o(.ctors)
 *(EXCLUDE_FILE(*crtend?.o *crtend.o) .ctors)
 *(SORT_BY_NAME(.ctors.*))
 *(.ctors)
 .ctors         0x000000009d000044        0x4 d:/mplab_x_ide_pic32/microchip/xc32/v4.60/bin/bin/../../lib/gcc/pic32mx/8.3.1/crtend.o
                0x000000009d000048                . = ALIGN (0x4)

.dtors          0x000000009d000048        0x8
 *crtbegin.o(.dtors)
 .dtors         0x000000009d000048        0x4 d:/mplab_x_ide_pic32/microchip/xc32/v4.60/bin/bin/../../lib/gcc/pic32mx/8.3.1/crtbegin.o
 *crtbegin?.o(.dtors)
 *(EXCLUDE_FILE(*crtend?.o *crtend.o) .dtors)
 *(SORT_BY_NAME(.dtors.*))
 *(.dtors)
 .dtors         0x000000009d00004c        0x4 d:/mplab_x_ide_pic32/microchip/xc32/v4.60/bin/bin/../../lib/gcc/pic32mx/8.3.1/crtend.o
                0x000000009d00004c                __DTOR_END__
                0x000000009d000050                . = ALIGN (0x4)

.rodata         0x000000009d000050        0x0
 *(.gnu.linkonce.r.*)
 *(.rodata1)
                0x000000009d000050                . = ALIGN (0x4)

.sdata2         0x000000009d000050        0x0
 *(.sdata2 .sdata2.* .gnu.linkonce.s2.*)
                0x000000009d000050                . = ALIGN (0x4)

.sbss2          0x000000009d000050        0x0
 *(.sbss2 .sbss2.* .gnu.linkonce.sb2.*)
                0x000000009d000050                . = ALIGN (0x4)

.eh_frame_hdr
 *(.eh_frame_hdr)
                0x000000009d000050                . = ALIGN (0x4)

.eh_frame
 *(.eh_frame)
                0x000000009d000050                . = ALIGN (0x4)

.gcc_except_table
 *(.gcc_except_table .gcc_except_table.*)
                0x000000009d000050                . = ALIGN (0x4)

.dbg_data       0x00000000a0000000        0x0
                0x00000000a0000000                . = (. + DEFINED (_DEBUGGER)?0x200:0x0)

.jcr            0x00000000a0000000        0x0
 *(.jcr)
                0x00000000a0000000                . = ALIGN (0x4)

.eh_frame       0x00000000a0000000        0x4
 *(.eh_frame)
 .eh_frame      0x00000000a0000000        0x0 d:/mplab_x_ide_pic32/microchip/xc32/v4.60/bin/bin/../../lib/gcc/pic32mx/8.3.1/crtbegin.o
 .eh_frame      0x00000000a0000000        0x4 d:/mplab_x_ide_pic32/microchip/xc32/v4.60/bin/bin/../../lib/gcc/pic32mx/8.3.1/crtend.o
                0x00000000a0000004                . = ALIGN (0x4)

.gcc_except_table
 *(.gcc_except_table .gcc_except_table.*)
                0x00000000a0000004                . = ALIGN (0x4)

.persist        0x00000000a0000004        0x0
                0x00000000a0000004                _persist_begin = .
 *(.persist .persist.*)
                0x00000000a0000004                . = ALIGN (0x4)
                0x00000000a0000004                _persist_end = .

.data           0x00000000a0000004        0x0
 *(.gnu.linkonce.d.*)
 *(.data1)
                0x00000000a0000004                . = ALIGN (0x4)
                0x00000000a0000004                . = .
                0x00000000a0008000                _gp = (ALIGN (0x10) + 0x7ff0)

.got            0x00000000a0000004        0x0
 *(.got.plt)
 *(.got)
                0x00000000a0000004                . = ALIGN (0x4)

.sdata          0x00000000a0000004        0x8
                0x00000000a0000004                _sdata_begin = .
 *(.sdata .sdata.* .gnu.linkonce.s.*)
 .sdata         0x00000000a0000004        0x4 d:/mplab_x_ide_pic32/microchip/xc32/v4.60/bin/bin/../../lib/gcc/pic32mx/8.3.1/crtbegin.o
                0x00000000a0000004                __dso_handle
 .sdata.compareValue
                0x00000000a0000008        0x4 build/default/production/_ext/1249264884/plib_coretimer.o
                0x00000000a000000c                . = ALIGN (0x4)
                0x00000000a000000c                _sdata_end = .

.lit8
 *(.lit8)

.lit4
 *(.lit4)
                0x00000000a000000c                . = ALIGN (0x4)
                0x00000000a000000c                _data_end = .
                0x00000000a000000c                _bss_begin = .

.sbss           0x00000000a000000c       0x20
                0x00000000a000000c                _sbss_begin = .
 *(.dynsbss)
 *(.sbss .sbss.* .gnu.linkonce.sb.*)
 .sbss          0x00000000a000000c        0x2 build/default/production/APP_FILES/DEVICES/keypad.o
                0x00000000a000000c                Keypad::m_last_key
                0x00000000a000000d                Keypad::is_key_pressed
 *fill*         0x00000000a000000e        0x2 
 .sbss.can1MsgIndex
                0x00000000a0000010        0x8 build/default/production/_ext/60165182/plib_can1.o
 .sbss.can1ErrorCallbackObj
                0x00000000a0000018        0x8 build/default/production/_ext/60165182/plib_can1.o
 .sbss.can1Obj  0x00000000a0000020        0x4 build/default/production/_ext/60165182/plib_can1.o
 .sbss.tmr1Obj  0x00000000a0000024        0x8 build/default/production/_ext/1865638794/plib_tmr1.o
 *(.scommon)
                0x00000000a000002c                _sbss_end = .
                0x00000000a000002c                . = ALIGN (0x4)

.bss            0x00000000a000002c        0x0
 *(.dynbss)
 *(COMMON)
                0x00000000a000002c                . = ALIGN ((. != 0x0)?0x4:0x1)
                0x00000000a000002c                . = ALIGN (0x4)
                0x00000000a000002c                _end = .
                0x00000000a000002c                _bss_end = .
                0x0000000000020000                _bmxdudba_address = LENGTH (kseg1_data_mem)
                0x0000000000020000                _bmxdupba_address = LENGTH (kseg1_data_mem)

/DISCARD/
 *(.pdr)
 *(.rel.dyn)
 *(.note.GNU-stack)
 *(.note.GNU-stack)
 *(.gnu_debuglink)
 *(.gnu.lto_*)
 *(.discard)

.gptab.sdata
 *(.gptab.data)
 *(.gptab.sdata)

.gptab.sbss
 *(.gptab.bss)
 *(.gptab.sbss)

.mdebug.abi32   0x0000000000000000        0x0
 *(.mdebug.abi32)
 .mdebug.abi32  0x0000000000000000        0x0 d:/mplab_x_ide_pic32/microchip/xc32/v4.60/bin/bin/../../lib/gcc/pic32mx/8.3.1/crtbegin.o
 .mdebug.abi32  0x0000000000000000        0x0 build/default/production/APP_FILES/DEVICES/can_protocol.o
 .mdebug.abi32  0x0000000000000000        0x0 build/default/production/APP_FILES/DEVICES/debug_uart.o
 .mdebug.abi32  0x0000000000000000        0x0 build/default/production/APP_FILES/DEVICES/eeprom_24cxx.o
 .mdebug.abi32  0x0000000000000000        0x0 build/default/production/APP_FILES/DEVICES/keypad.o
 .mdebug.abi32  0x0000000000000000        0x0 build/default/production/APP_FILES/DEVICES/lcd_12864.o
 .mdebug.abi32  0x0000000000000000        0x0 build/default/production/APP_FILES/DEVICES/door_lock.o
 .mdebug.abi32  0x0000000000000000        0x0 build/default/production/APP_FILES/DRIVERS/lcd_drv_st7920.o
 .mdebug.abi32  0x0000000000000000        0x0 build/default/production/APP_FILES/EXAMPLES/codec_user_test.o
 .mdebug.abi32  0x0000000000000000        0x0 build/default/production/APP_FILES/EXAMPLES/keypad_test.o
 .mdebug.abi32  0x0000000000000000        0x0 build/default/production/APP_FILES/EXAMPLES/debug_uart_test.o
 .mdebug.abi32  0x0000000000000000        0x0 build/default/production/APP_FILES/LIBRARIES/user_manager.o
 .mdebug.abi32  0x0000000000000000        0x0 build/default/production/APP_FILES/UTILS/codec_user.o
 .mdebug.abi32  0x0000000000000000        0x0 build/default/production/APP_FILES/UTILS/delay.o
 .mdebug.abi32  0x0000000000000000        0x0 build/default/production/APP_FILES/application.o
 .mdebug.abi32  0x0000000000000000        0x0 build/default/production/_ext/60165182/plib_can1.o
 .mdebug.abi32  0x0000000000000000        0x0 build/default/production/_ext/60165520/plib_clk.o
 .mdebug.abi32  0x0000000000000000        0x0 build/default/production/_ext/1249264884/plib_coretimer.o
 .mdebug.abi32  0x0000000000000000        0x0 build/default/production/_ext/1865200349/plib_evic.o
 .mdebug.abi32  0x0000000000000000        0x0 build/default/production/_ext/1865254177/plib_gpio.o
 .mdebug.abi32  0x0000000000000000        0x0 build/default/production/_ext/513455433/plib_i2c1_master.o
 .mdebug.abi32  0x0000000000000000        0x0 build/default/production/_ext/60169480/plib_i2c_smbus_common.o
 .mdebug.abi32  0x0000000000000000        0x0 build/default/production/_ext/1865638794/plib_tmr1.o
 .mdebug.abi32  0x0000000000000000        0x0 build/default/production/_ext/1865657120/plib_uart2.o
 .mdebug.abi32  0x0000000000000000        0x0 build/default/production/_ext/163028504/xc32_monitor.o
 .mdebug.abi32  0x0000000000000000        0x0 build/default/production/_ext/1171490990/interrupts.o
 .mdebug.abi32  0x0000000000000000        0x0 build/default/production/_ext/1171490990/initialization.o
 .mdebug.abi32  0x0000000000000000        0x0 build/default/production/_ext/1171490990/exceptions.o
 .mdebug.abi32  0x0000000000000000        0x0 build/default/production/_ext/1360937237/main.o
 .mdebug.abi32  0x0000000000000000        0x0 build/default/production/APP_FILES/EXAMPLES/eeprom_test.o
 .mdebug.abi32  0x0000000000000000        0x0 build/default/production/APP_FILES/EXAMPLES/can_eeprom_test.o
 .mdebug.abi32  0x0000000000000000        0x0 build/default/production/APP_FILES/EXAMPLES/door_lock_test.o
 .mdebug.abi32  0x0000000000000000        0x0 d:/mplab_x_ide_pic32/microchip/xc32/v4.60/bin/bin/../../lib/gcc/pic32mx/8.3.1\libgcc.a(floatunsisf.o)
 .mdebug.abi32  0x0000000000000000        0x0 d:/mplab_x_ide_pic32/microchip/xc32/v4.60/bin/bin/../../lib/gcc/pic32mx/8.3.1/../../../../pic32mx/lib\libpic32.a(default-on-reset.o)
 .mdebug.abi32  0x0000000000000000        0x0 d:/mplab_x_ide_pic32/microchip/xc32/v4.60/bin/bin/../../lib/gcc/pic32mx/8.3.1/../../../../pic32mx/lib\libpic32.a(default-on-bootstrap.o)
 .mdebug.abi32  0x0000000000000000        0x0 d:/mplab_x_ide_pic32/microchip/xc32/v4.60/bin/bin/../../lib/gcc/pic32mx/8.3.1/../../../../pic32mx/lib\libpic32.a(defaultinterrupt.o)
 .mdebug.abi32  0x0000000000000000        0x0 d:/mplab_x_ide_pic32/microchip/xc32/v4.60/bin/bin/../../lib/gcc/pic32mx/8.3.1/../../../../pic32mx/lib\libc-size-musl.a(memcmp.o)
 .mdebug.abi32  0x0000000000000000        0x0 d:/mplab_x_ide_pic32/microchip/xc32/v4.60/bin/bin/../../lib/gcc/pic32mx/8.3.1/../../../../pic32mx/lib\libc-size-musl.a(memcpy.o)
 .mdebug.abi32  0x0000000000000000        0x0 d:/mplab_x_ide_pic32/microchip/xc32/v4.60/bin/bin/../../lib/gcc/pic32mx/8.3.1/../../../../pic32mx/lib\libc-size-musl.a(strlen.o)
 .mdebug.abi32  0x0000000000000000        0x0 d:/mplab_x_ide_pic32/microchip/xc32/v4.60/bin/bin/../../lib/gcc/pic32mx/8.3.1/../../../../pic32mx/lib\libc-size-musl.a(strncpy.o)
 .mdebug.abi32  0x0000000000000000        0x0 d:/mplab_x_ide_pic32/microchip/xc32/v4.60/bin/bin/../../lib/gcc/pic32mx/8.3.1/../../../../pic32mx/lib\libc-size-musl.a(stpncpy.o)
 .mdebug.abi32  0x0000000000000000        0x0 d:/mplab_x_ide_pic32/microchip/xc32/v4.60/bin/bin/../../lib/gcc/pic32mx/8.3.1/../../../../pic32mx/lib\libc-musl.a(vsnprintf.o)
 .mdebug.abi32  0x0000000000000000        0x0 d:/mplab_x_ide_pic32/microchip/xc32/v4.60/bin/bin/../../lib/gcc/pic32mx/8.3.1/../../../../pic32mx/lib\libc-musl.a(snprintf.o)
 .mdebug.abi32  0x0000000000000000        0x0 d:/mplab_x_ide_pic32/microchip/xc32/v4.60/bin/bin/../../lib/gcc/pic32mx/8.3.1/../../../../pic32mx/lib\libc-musl.a(vfprintf.o)
 .mdebug.abi32  0x0000000000000000        0x0 d:/mplab_x_ide_pic32/microchip/xc32/v4.60/bin/bin/../../lib/gcc/pic32mx/8.3.1/../../../../pic32mx/lib\libc-musl.a(__io_fmt_needed.o)
 .mdebug.abi32  0x0000000000000000        0x0 d:/mplab_x_ide_pic32/microchip/xc32/v4.60/bin/bin/../../lib/gcc/pic32mx/8.3.1/../../../../pic32mx/lib\libc-musl.a(__pop_float.o)
 .mdebug.abi32  0x0000000000000000        0x0 d:/mplab_x_ide_pic32/microchip/xc32/v4.60/bin/bin/../../lib/gcc/pic32mx/8.3.1/../../../../pic32mx/lib\libc-musl.a(__pop_int.o)
 .mdebug.abi32  0x0000000000000000        0x0 d:/mplab_x_ide_pic32/microchip/xc32/v4.60/bin/bin/../../lib/gcc/pic32mx/8.3.1/../../../../pic32mx/lib\libc-musl.a(__pop_ptr.o)
 .mdebug.abi32  0x0000000000000000        0x0 d:/mplab_x_ide_pic32/microchip/xc32/v4.60/bin/bin/../../lib/gcc/pic32mx/8.3.1/../../../../pic32mx/lib\libc-musl.a(__printf_core.o)
 .mdebug.abi32  0x0000000000000000        0x0 d:/mplab_x_ide_pic32/microchip/xc32/v4.60/bin/bin/../../lib/gcc/pic32mx/8.3.1/../../../../pic32mx/lib\libc-musl.a(atoi.o)
 .mdebug.abi32  0x0000000000000000        0x0 d:/mplab_x_ide_pic32/microchip/xc32/v4.60/bin/bin/../../lib/gcc/pic32mx/8.3.1/../../../../pic32mx/lib\libc-musl.a(tolower.o)
 .mdebug.abi32  0x0000000000000000        0x0 d:/mplab_x_ide_pic32/microchip/xc32/v4.60/bin/bin/../../lib/gcc/pic32mx/8.3.1/../../../../pic32mx/lib\libc-musl.a(__fmt_a.o)
 .mdebug.abi32  0x0000000000000000        0x0 d:/mplab_x_ide_pic32/microchip/xc32/v4.60/bin/bin/../../lib/gcc/pic32mx/8.3.1/../../../../pic32mx/lib\libc-musl.a(__fmt_d.o)
 .mdebug.abi32  0x0000000000000000        0x0 d:/mplab_x_ide_pic32/microchip/xc32/v4.60/bin/bin/../../lib/gcc/pic32mx/8.3.1/../../../../pic32mx/lib\libc-musl.a(__fmt_fp.o)
 .mdebug.abi32  0x0000000000000000        0x0 d:/mplab_x_ide_pic32/microchip/xc32/v4.60/bin/bin/../../lib/gcc/pic32mx/8.3.1/../../../../pic32mx/lib\libc-musl.a(__fmt_o.o)
 .mdebug.abi32  0x0000000000000000        0x0 d:/mplab_x_ide_pic32/microchip/xc32/v4.60/bin/bin/../../lib/gcc/pic32mx/8.3.1/../../../../pic32mx/lib\libc-musl.a(__fmt_s.o)
 .mdebug.abi32  0x0000000000000000        0x0 d:/mplab_x_ide_pic32/microchip/xc32/v4.60/bin/bin/../../lib/gcc/pic32mx/8.3.1/../../../../pic32mx/lib\libc-musl.a(__fmt_u.o)
 .mdebug.abi32  0x0000000000000000        0x0 d:/mplab_x_ide_pic32/microchip/xc32/v4.60/bin/bin/../../lib/gcc/pic32mx/8.3.1/../../../../pic32mx/lib\libc-musl.a(__fmt_x.o)
 .mdebug.abi32  0x0000000000000000        0x0 d:/mplab_x_ide_pic32/microchip/xc32/v4.60/bin/bin/../../lib/gcc/pic32mx/8.3.1/../../../../pic32mx/lib\libc-musl.a(toupper.o)
 .mdebug.abi32  0x0000000000000000        0x0 d:/mplab_x_ide_pic32/microchip/xc32/v4.60/bin/bin/../../lib/gcc/pic32mx/8.3.1/../../../../pic32mx/lib\libc-musl.a(__cvt_u.o)
 .mdebug.abi32  0x0000000000000000        0x0 d:/mplab_x_ide_pic32/microchip/xc32/v4.60/bin/bin/../../lib/gcc/pic32mx/8.3.1/../../../../pic32mx/lib\libm-musl.a(fma.o)
 .mdebug.abi32  0x0000000000000000        0x0 d:/mplab_x_ide_pic32/microchip/xc32/v4.60/bin/bin/../../lib/gcc/pic32mx/8.3.1/../../../../pic32mx/lib\libm-musl.a(scalbn.o)
 .mdebug.abi32  0x0000000000000000        0x0 d:/mplab_x_ide_pic32/microchip/xc32/v4.60/bin/bin/../../lib/gcc/pic32mx/8.3.1/../../../../pic32mx/lib\libpic32.a(errno.o)
 .mdebug.abi32  0x0000000000000000        0x0 d:/mplab_x_ide_pic32/microchip/xc32/v4.60/bin/bin/../../lib/gcc/pic32mx/8.3.1/../../../../pic32mx/lib\libc-size-musl.a(memset.o)
 .mdebug.abi32  0x0000000000000000        0x0 d:/mplab_x_ide_pic32/microchip/xc32/v4.60/bin/bin/../../lib/gcc/pic32mx/8.3.1/../../../../pic32mx/lib\libc-size-musl.a(strcpy.o)
 .mdebug.abi32  0x0000000000000000        0x0 d:/mplab_x_ide_pic32/microchip/xc32/v4.60/bin/bin/../../lib/gcc/pic32mx/8.3.1/../../../../pic32mx/lib\libc-size-musl.a(stpcpy.o)
 .mdebug.abi32  0x0000000000000000        0x0 d:/mplab_x_ide_pic32/microchip/xc32/v4.60/bin/bin/../../lib/gcc/pic32mx/8.3.1/../../../../pic32mx/lib\libe.a(_floatdidf.o)
 .mdebug.abi32  0x0000000000000000        0x0 d:/mplab_x_ide_pic32/microchip/xc32/v4.60/bin/bin/../../lib/gcc/pic32mx/8.3.1\libgcc.a(_lshrdi3.o)
 .mdebug.abi32  0x0000000000000000        0x0 d:/mplab_x_ide_pic32/microchip/xc32/v4.60/bin/bin/../../lib/gcc/pic32mx/8.3.1\libgcc.a(_ashldi3.o)
 .mdebug.abi32  0x0000000000000000        0x0 d:/mplab_x_ide_pic32/microchip/xc32/v4.60/bin/bin/../../lib/gcc/pic32mx/8.3.1\libgcc.a(_udivdi3.o)
 .mdebug.abi32  0x0000000000000000        0x0 d:/mplab_x_ide_pic32/microchip/xc32/v4.60/bin/bin/../../lib/gcc/pic32mx/8.3.1\libgcc.a(_umoddi3.o)
 .mdebug.abi32  0x0000000000000000        0x0 d:/mplab_x_ide_pic32/microchip/xc32/v4.60/bin/bin/../../lib/gcc/pic32mx/8.3.1/crtend.o

.mdebug.abiN32
 *(.mdebug.abiN32)

.mdebug.abi64
 *(.mdebug.abi64)

.mdebug.abiO64
 *(.mdebug.abiO64)

.mdebug.eabi32
 *(.mdebug.eabi32)

.mdebug.eabi64
 *(.mdebug.eabi64)

.gcc_compiled_long32
 *(.gcc_compiled_long32)

.gcc_compiled_long64
 *(.gcc_compiled_long64)

.stab
 *(.stab)

.stabstr
 *(.stabstr)

.stab.excl
 *(.stab.excl)

.stab.exclstr
 *(.stab.exclstr)

.stab.index
 *(.stab.index)

.stab.indexstr
 *(.stab.indexstr)

.comment        0x0000000000000000       0xc9
 *(.comment)
 .comment       0x0000000000000000       0x2b d:/mplab_x_ide_pic32/microchip/xc32/v4.60/bin/bin/../../lib/gcc/pic32mx/8.3.1/crtbegin.o
                                         0x2c (size before relaxing)
 .comment       0x000000000000002b       0x2c build/default/production/APP_FILES/DEVICES/can_protocol.o
 .comment       0x000000000000002b       0x2c build/default/production/APP_FILES/DEVICES/debug_uart.o
 .comment       0x000000000000002b       0x2c build/default/production/APP_FILES/DEVICES/eeprom_24cxx.o
 .comment       0x000000000000002b       0x2c build/default/production/APP_FILES/DEVICES/keypad.o
 .comment       0x000000000000002b       0x2c build/default/production/APP_FILES/DEVICES/lcd_12864.o
 .comment       0x000000000000002b       0x2c build/default/production/APP_FILES/DEVICES/door_lock.o
 .comment       0x000000000000002b       0x2c build/default/production/APP_FILES/DRIVERS/lcd_drv_st7920.o
 .comment       0x000000000000002b       0x2c build/default/production/APP_FILES/EXAMPLES/codec_user_test.o
 .comment       0x000000000000002b       0x2c build/default/production/APP_FILES/EXAMPLES/keypad_test.o
 .comment       0x000000000000002b       0x2c build/default/production/APP_FILES/EXAMPLES/debug_uart_test.o
 .comment       0x000000000000002b       0x2c build/default/production/APP_FILES/LIBRARIES/user_manager.o
 .comment       0x000000000000002b       0x2c build/default/production/APP_FILES/UTILS/codec_user.o
 .comment       0x000000000000002b       0x2c build/default/production/APP_FILES/UTILS/delay.o
 .comment       0x000000000000002b       0x2c build/default/production/APP_FILES/application.o
 .comment       0x000000000000002b       0x2c build/default/production/_ext/60165182/plib_can1.o
 .comment       0x000000000000002b       0x2c build/default/production/_ext/60165520/plib_clk.o
 .comment       0x000000000000002b       0x2c build/default/production/_ext/1249264884/plib_coretimer.o
 .comment       0x000000000000002b       0x2c build/default/production/_ext/1865200349/plib_evic.o
 .comment       0x000000000000002b       0x2c build/default/production/_ext/1865254177/plib_gpio.o
 .comment       0x000000000000002b       0x2c build/default/production/_ext/513455433/plib_i2c1_master.o
 .comment       0x000000000000002b       0x2c build/default/production/_ext/60169480/plib_i2c_smbus_common.o
 .comment       0x000000000000002b       0x2c build/default/production/_ext/1865638794/plib_tmr1.o
 .comment       0x000000000000002b       0x2c build/default/production/_ext/1865657120/plib_uart2.o
 .comment       0x000000000000002b       0x2c build/default/production/_ext/163028504/xc32_monitor.o
 .comment       0x000000000000002b       0x2c build/default/production/_ext/1171490990/interrupts.o
 .comment       0x000000000000002b       0x2c build/default/production/_ext/1171490990/initialization.o
 .comment       0x000000000000002b       0x2c build/default/production/_ext/1171490990/exceptions.o
 .comment       0x000000000000002b       0x2c build/default/production/_ext/1360937237/main.o
 .comment       0x000000000000002b       0x2c build/default/production/APP_FILES/EXAMPLES/eeprom_test.o
 .comment       0x000000000000002b       0x2c build/default/production/APP_FILES/EXAMPLES/can_eeprom_test.o
 .comment       0x000000000000002b       0x2c build/default/production/APP_FILES/EXAMPLES/door_lock_test.o
 .comment       0x000000000000002b       0x2c d:/mplab_x_ide_pic32/microchip/xc32/v4.60/bin/bin/../../lib/gcc/pic32mx/8.3.1\libgcc.a(floatunsisf.o)
 .comment       0x000000000000002b       0x2c d:/mplab_x_ide_pic32/microchip/xc32/v4.60/bin/bin/../../lib/gcc/pic32mx/8.3.1/../../../../pic32mx/lib\libpic32.a(default-on-reset.o)
 .comment       0x000000000000002b       0x2c d:/mplab_x_ide_pic32/microchip/xc32/v4.60/bin/bin/../../lib/gcc/pic32mx/8.3.1/../../../../pic32mx/lib\libpic32.a(default-on-bootstrap.o)
 .comment       0x000000000000002b       0x2c d:/mplab_x_ide_pic32/microchip/xc32/v4.60/bin/bin/../../lib/gcc/pic32mx/8.3.1/../../../../pic32mx/lib\libpic32.a(defaultinterrupt.o)
 .comment       0x000000000000002b       0x2c d:/mplab_x_ide_pic32/microchip/xc32/v4.60/bin/bin/../../lib/gcc/pic32mx/8.3.1/../../../../pic32mx/lib\libc-size-musl.a(memcmp.o)
 .comment       0x000000000000002b       0x2c d:/mplab_x_ide_pic32/microchip/xc32/v4.60/bin/bin/../../lib/gcc/pic32mx/8.3.1/../../../../pic32mx/lib\libc-size-musl.a(memcpy.o)
 .comment       0x000000000000002b       0x2c d:/mplab_x_ide_pic32/microchip/xc32/v4.60/bin/bin/../../lib/gcc/pic32mx/8.3.1/../../../../pic32mx/lib\libc-size-musl.a(strlen.o)
 .comment       0x000000000000002b       0x2c d:/mplab_x_ide_pic32/microchip/xc32/v4.60/bin/bin/../../lib/gcc/pic32mx/8.3.1/../../../../pic32mx/lib\libc-size-musl.a(strncpy.o)
 .comment       0x000000000000002b       0x2c d:/mplab_x_ide_pic32/microchip/xc32/v4.60/bin/bin/../../lib/gcc/pic32mx/8.3.1/../../../../pic32mx/lib\libc-size-musl.a(stpncpy.o)
 .comment       0x000000000000002b       0x2c d:/mplab_x_ide_pic32/microchip/xc32/v4.60/bin/bin/../../lib/gcc/pic32mx/8.3.1/../../../../pic32mx/lib\libc-musl.a(vsnprintf.o)
 .comment       0x000000000000002b       0x2c d:/mplab_x_ide_pic32/microchip/xc32/v4.60/bin/bin/../../lib/gcc/pic32mx/8.3.1/../../../../pic32mx/lib\libc-musl.a(snprintf.o)
 .comment       0x000000000000002b       0x2c d:/mplab_x_ide_pic32/microchip/xc32/v4.60/bin/bin/../../lib/gcc/pic32mx/8.3.1/../../../../pic32mx/lib\libc-musl.a(vfprintf.o)
 .comment       0x000000000000002b       0x2c d:/mplab_x_ide_pic32/microchip/xc32/v4.60/bin/bin/../../lib/gcc/pic32mx/8.3.1/../../../../pic32mx/lib\libc-musl.a(__io_fmt_needed.o)
 .comment       0x000000000000002b       0x2c d:/mplab_x_ide_pic32/microchip/xc32/v4.60/bin/bin/../../lib/gcc/pic32mx/8.3.1/../../../../pic32mx/lib\libc-musl.a(__pop_float.o)
 .comment       0x000000000000002b       0x2c d:/mplab_x_ide_pic32/microchip/xc32/v4.60/bin/bin/../../lib/gcc/pic32mx/8.3.1/../../../../pic32mx/lib\libc-musl.a(__pop_int.o)
 .comment       0x000000000000002b       0x2c d:/mplab_x_ide_pic32/microchip/xc32/v4.60/bin/bin/../../lib/gcc/pic32mx/8.3.1/../../../../pic32mx/lib\libc-musl.a(__pop_ptr.o)
 .comment       0x000000000000002b       0x2c d:/mplab_x_ide_pic32/microchip/xc32/v4.60/bin/bin/../../lib/gcc/pic32mx/8.3.1/../../../../pic32mx/lib\libc-musl.a(__printf_core.o)
 .comment       0x000000000000002b       0x2c d:/mplab_x_ide_pic32/microchip/xc32/v4.60/bin/bin/../../lib/gcc/pic32mx/8.3.1/../../../../pic32mx/lib\libc-musl.a(atoi.o)
 .comment       0x000000000000002b       0x2c d:/mplab_x_ide_pic32/microchip/xc32/v4.60/bin/bin/../../lib/gcc/pic32mx/8.3.1/../../../../pic32mx/lib\libc-musl.a(tolower.o)
 .comment       0x000000000000002b       0x2c d:/mplab_x_ide_pic32/microchip/xc32/v4.60/bin/bin/../../lib/gcc/pic32mx/8.3.1/../../../../pic32mx/lib\libc-musl.a(__fmt_a.o)
 .comment       0x000000000000002b       0x2c d:/mplab_x_ide_pic32/microchip/xc32/v4.60/bin/bin/../../lib/gcc/pic32mx/8.3.1/../../../../pic32mx/lib\libc-musl.a(__fmt_d.o)
 .comment       0x000000000000002b       0x2c d:/mplab_x_ide_pic32/microchip/xc32/v4.60/bin/bin/../../lib/gcc/pic32mx/8.3.1/../../../../pic32mx/lib\libc-musl.a(__fmt_fp.o)
 .comment       0x000000000000002b       0x2c d:/mplab_x_ide_pic32/microchip/xc32/v4.60/bin/bin/../../lib/gcc/pic32mx/8.3.1/../../../../pic32mx/lib\libc-musl.a(__fmt_o.o)
 .comment       0x000000000000002b       0x2c d:/mplab_x_ide_pic32/microchip/xc32/v4.60/bin/bin/../../lib/gcc/pic32mx/8.3.1/../../../../pic32mx/lib\libc-musl.a(__fmt_s.o)
 .comment       0x000000000000002b       0x2c d:/mplab_x_ide_pic32/microchip/xc32/v4.60/bin/bin/../../lib/gcc/pic32mx/8.3.1/../../../../pic32mx/lib\libc-musl.a(__fmt_u.o)
 .comment       0x000000000000002b       0x2c d:/mplab_x_ide_pic32/microchip/xc32/v4.60/bin/bin/../../lib/gcc/pic32mx/8.3.1/../../../../pic32mx/lib\libc-musl.a(__fmt_x.o)
 .comment       0x000000000000002b       0x2c d:/mplab_x_ide_pic32/microchip/xc32/v4.60/bin/bin/../../lib/gcc/pic32mx/8.3.1/../../../../pic32mx/lib\libc-musl.a(toupper.o)
 .comment       0x000000000000002b       0x2c d:/mplab_x_ide_pic32/microchip/xc32/v4.60/bin/bin/../../lib/gcc/pic32mx/8.3.1/../../../../pic32mx/lib\libc-musl.a(__cvt_u.o)
 .comment       0x000000000000002b       0x2c d:/mplab_x_ide_pic32/microchip/xc32/v4.60/bin/bin/../../lib/gcc/pic32mx/8.3.1/../../../../pic32mx/lib\libm-musl.a(fma.o)
 .comment       0x000000000000002b       0x2c d:/mplab_x_ide_pic32/microchip/xc32/v4.60/bin/bin/../../lib/gcc/pic32mx/8.3.1/../../../../pic32mx/lib\libm-musl.a(scalbn.o)
 .comment       0x000000000000002b       0x2c d:/mplab_x_ide_pic32/microchip/xc32/v4.60/bin/bin/../../lib/gcc/pic32mx/8.3.1/../../../../pic32mx/lib\libpic32.a(errno.o)
 .comment       0x000000000000002b       0x2c d:/mplab_x_ide_pic32/microchip/xc32/v4.60/bin/bin/../../lib/gcc/pic32mx/8.3.1/../../../../pic32mx/lib\libc-size-musl.a(memset.o)
 .comment       0x000000000000002b       0x2c d:/mplab_x_ide_pic32/microchip/xc32/v4.60/bin/bin/../../lib/gcc/pic32mx/8.3.1/../../../../pic32mx/lib\libc-size-musl.a(strcpy.o)
 .comment       0x000000000000002b       0x2c d:/mplab_x_ide_pic32/microchip/xc32/v4.60/bin/bin/../../lib/gcc/pic32mx/8.3.1/../../../../pic32mx/lib\libc-size-musl.a(stpcpy.o)
 .comment       0x000000000000002b       0x9e d:/mplab_x_ide_pic32/microchip/xc32/v4.60/bin/bin/../../lib/gcc/pic32mx/8.3.1/../../../../pic32mx/lib\libe.a(_floatdidf.o)
                                         0xca (size before relaxing)
 .comment       0x00000000000000c9       0x2c d:/mplab_x_ide_pic32/microchip/xc32/v4.60/bin/bin/../../lib/gcc/pic32mx/8.3.1\libgcc.a(_lshrdi3.o)
 .comment       0x00000000000000c9       0x2c d:/mplab_x_ide_pic32/microchip/xc32/v4.60/bin/bin/../../lib/gcc/pic32mx/8.3.1\libgcc.a(_ashldi3.o)
 .comment       0x00000000000000c9       0x2c d:/mplab_x_ide_pic32/microchip/xc32/v4.60/bin/bin/../../lib/gcc/pic32mx/8.3.1\libgcc.a(_udivdi3.o)
 .comment       0x00000000000000c9       0x2c d:/mplab_x_ide_pic32/microchip/xc32/v4.60/bin/bin/../../lib/gcc/pic32mx/8.3.1\libgcc.a(_umoddi3.o)
 .comment       0x00000000000000c9       0x2c d:/mplab_x_ide_pic32/microchip/xc32/v4.60/bin/bin/../../lib/gcc/pic32mx/8.3.1/crtend.o

.debug
 *.elf(.debug)
 *(.debug)

.line
 *.elf(.line)
 *(.line)

.debug_srcinfo
 *.elf(.debug_srcinfo)
 *(.debug_srcinfo)

.debug_sfnames
 *.elf(.debug_sfnames)
 *(.debug_sfnames)

.debug_aranges  0x0000000000000000      0xe90
 *.elf(.debug_aranges)
 *(.debug_aranges)
 .debug_aranges
                0x0000000000000000       0x80 build/default/production/APP_FILES/DEVICES/can_protocol.o
 .debug_aranges
                0x0000000000000080       0x90 build/default/production/APP_FILES/DEVICES/debug_uart.o
 .debug_aranges
                0x0000000000000110       0x70 build/default/production/APP_FILES/DEVICES/eeprom_24cxx.o
 .debug_aranges
                0x0000000000000180       0x78 build/default/production/APP_FILES/DEVICES/keypad.o
 .debug_aranges
                0x00000000000001f8       0x50 build/default/production/APP_FILES/DEVICES/lcd_12864.o
 .debug_aranges
                0x0000000000000248       0x58 build/default/production/APP_FILES/DEVICES/door_lock.o
 .debug_aranges
                0x00000000000002a0       0x68 build/default/production/APP_FILES/DRIVERS/lcd_drv_st7920.o
 .debug_aranges
                0x0000000000000308       0x20 build/default/production/APP_FILES/EXAMPLES/codec_user_test.o
 .debug_aranges
                0x0000000000000328       0x20 build/default/production/APP_FILES/EXAMPLES/keypad_test.o
 .debug_aranges
                0x0000000000000348       0x20 build/default/production/APP_FILES/EXAMPLES/debug_uart_test.o
 .debug_aranges
                0x0000000000000368       0x78 build/default/production/APP_FILES/LIBRARIES/user_manager.o
 .debug_aranges
                0x00000000000003e0       0x28 build/default/production/APP_FILES/UTILS/codec_user.o
 .debug_aranges
                0x0000000000000408       0x28 build/default/production/APP_FILES/UTILS/delay.o
 .debug_aranges
                0x0000000000000430       0x20 build/default/production/APP_FILES/application.o
 .debug_aranges
                0x0000000000000450       0xa8 build/default/production/_ext/60165182/plib_can1.o
 .debug_aranges
                0x00000000000004f8       0x20 build/default/production/_ext/60165520/plib_clk.o
 .debug_aranges
                0x0000000000000518       0x60 build/default/production/_ext/1249264884/plib_coretimer.o
 .debug_aranges
                0x0000000000000578       0x68 build/default/production/_ext/1865200349/plib_evic.o
 .debug_aranges
                0x00000000000005e0       0x80 build/default/production/_ext/1865254177/plib_gpio.o
 .debug_aranges
                0x0000000000000660       0x90 build/default/production/_ext/513455433/plib_i2c1_master.o
 .debug_aranges
                0x00000000000006f0       0x28 build/default/production/_ext/60169480/plib_i2c_smbus_common.o
 .debug_aranges
                0x0000000000000718       0x70 build/default/production/_ext/1865638794/plib_tmr1.o
 .debug_aranges
                0x0000000000000788       0xb8 build/default/production/_ext/1865657120/plib_uart2.o
 .debug_aranges
                0x0000000000000840       0x28 build/default/production/_ext/163028504/xc32_monitor.o
 .debug_aranges
                0x0000000000000868       0x48 build/default/production/_ext/1171490990/interrupts.o
 .debug_aranges
                0x00000000000008b0       0x20 build/default/production/_ext/1171490990/initialization.o
 .debug_aranges
                0x00000000000008d0       0x28 build/default/production/_ext/1171490990/exceptions.o
 .debug_aranges
                0x00000000000008f8       0x20 build/default/production/_ext/1360937237/main.o
 .debug_aranges
                0x0000000000000918       0x20 build/default/production/APP_FILES/EXAMPLES/eeprom_test.o
 .debug_aranges
                0x0000000000000938       0x20 build/default/production/APP_FILES/EXAMPLES/can_eeprom_test.o
 .debug_aranges
                0x0000000000000958       0x20 build/default/production/APP_FILES/EXAMPLES/door_lock_test.o
 .debug_aranges
                0x0000000000000978       0x20 d:/mplab_x_ide_pic32/microchip/xc32/v4.60/bin/bin/../../lib/gcc/pic32mx/8.3.1\libgcc.a(floatunsisf.o)
 .debug_aranges
                0x0000000000000998       0x20 d:/mplab_x_ide_pic32/microchip/xc32/v4.60/bin/bin/../../lib/gcc/pic32mx/8.3.1/../../../../pic32mx/lib\libpic32.a(default-on-reset.o)
 .debug_aranges
                0x00000000000009b8       0x20 d:/mplab_x_ide_pic32/microchip/xc32/v4.60/bin/bin/../../lib/gcc/pic32mx/8.3.1/../../../../pic32mx/lib\libpic32.a(default-on-bootstrap.o)
 .debug_aranges
                0x00000000000009d8       0x20 d:/mplab_x_ide_pic32/microchip/xc32/v4.60/bin/bin/../../lib/gcc/pic32mx/8.3.1/../../../../pic32mx/lib\libpic32.a(defaultinterrupt.o)
 .debug_aranges
                0x00000000000009f8       0x20 d:/mplab_x_ide_pic32/microchip/xc32/v4.60/bin/bin/../../lib/gcc/pic32mx/8.3.1/../../../../pic32mx/lib\libc-size-musl.a(memcmp.o)
 .debug_aranges
                0x0000000000000a18       0x20 d:/mplab_x_ide_pic32/microchip/xc32/v4.60/bin/bin/../../lib/gcc/pic32mx/8.3.1/../../../../pic32mx/lib\libc-size-musl.a(memcpy.o)
 .debug_aranges
                0x0000000000000a38       0x20 d:/mplab_x_ide_pic32/microchip/xc32/v4.60/bin/bin/../../lib/gcc/pic32mx/8.3.1/../../../../pic32mx/lib\libc-size-musl.a(strlen.o)
 .debug_aranges
                0x0000000000000a58       0x20 d:/mplab_x_ide_pic32/microchip/xc32/v4.60/bin/bin/../../lib/gcc/pic32mx/8.3.1/../../../../pic32mx/lib\libc-size-musl.a(strncpy.o)
 .debug_aranges
                0x0000000000000a78       0x20 d:/mplab_x_ide_pic32/microchip/xc32/v4.60/bin/bin/../../lib/gcc/pic32mx/8.3.1/../../../../pic32mx/lib\libc-size-musl.a(stpncpy.o)
 .debug_aranges
                0x0000000000000a98       0x20 d:/mplab_x_ide_pic32/microchip/xc32/v4.60/bin/bin/../../lib/gcc/pic32mx/8.3.1/../../../../pic32mx/lib\libc-musl.a(vsnprintf.o)
 .debug_aranges
                0x0000000000000ab8       0x20 d:/mplab_x_ide_pic32/microchip/xc32/v4.60/bin/bin/../../lib/gcc/pic32mx/8.3.1/../../../../pic32mx/lib\libc-musl.a(snprintf.o)
 .debug_aranges
                0x0000000000000ad8       0x28 d:/mplab_x_ide_pic32/microchip/xc32/v4.60/bin/bin/../../lib/gcc/pic32mx/8.3.1/../../../../pic32mx/lib\libc-musl.a(vfprintf.o)
 .debug_aranges
                0x0000000000000b00       0x20 d:/mplab_x_ide_pic32/microchip/xc32/v4.60/bin/bin/../../lib/gcc/pic32mx/8.3.1/../../../../pic32mx/lib\libc-musl.a(__io_fmt_needed.o)
 .debug_aranges
                0x0000000000000b20       0x20 d:/mplab_x_ide_pic32/microchip/xc32/v4.60/bin/bin/../../lib/gcc/pic32mx/8.3.1/../../../../pic32mx/lib\libc-musl.a(__pop_float.o)
 .debug_aranges
                0x0000000000000b40       0x20 d:/mplab_x_ide_pic32/microchip/xc32/v4.60/bin/bin/../../lib/gcc/pic32mx/8.3.1/../../../../pic32mx/lib\libc-musl.a(__pop_int.o)
 .debug_aranges
                0x0000000000000b60       0x20 d:/mplab_x_ide_pic32/microchip/xc32/v4.60/bin/bin/../../lib/gcc/pic32mx/8.3.1/../../../../pic32mx/lib\libc-musl.a(__pop_ptr.o)
 .debug_aranges
                0x0000000000000b80       0x50 d:/mplab_x_ide_pic32/microchip/xc32/v4.60/bin/bin/../../lib/gcc/pic32mx/8.3.1/../../../../pic32mx/lib\libc-musl.a(__printf_core.o)
 .debug_aranges
                0x0000000000000bd0       0x20 d:/mplab_x_ide_pic32/microchip/xc32/v4.60/bin/bin/../../lib/gcc/pic32mx/8.3.1/../../../../pic32mx/lib\libc-musl.a(atoi.o)
 .debug_aranges
                0x0000000000000bf0       0x28 d:/mplab_x_ide_pic32/microchip/xc32/v4.60/bin/bin/../../lib/gcc/pic32mx/8.3.1/../../../../pic32mx/lib\libc-musl.a(tolower.o)
 .debug_aranges
                0x0000000000000c18       0x20 d:/mplab_x_ide_pic32/microchip/xc32/v4.60/bin/bin/../../lib/gcc/pic32mx/8.3.1/../../../../pic32mx/lib\libc-musl.a(__fmt_a.o)
 .debug_aranges
                0x0000000000000c38       0x20 d:/mplab_x_ide_pic32/microchip/xc32/v4.60/bin/bin/../../lib/gcc/pic32mx/8.3.1/../../../../pic32mx/lib\libc-musl.a(__fmt_d.o)
 .debug_aranges
                0x0000000000000c58       0x20 d:/mplab_x_ide_pic32/microchip/xc32/v4.60/bin/bin/../../lib/gcc/pic32mx/8.3.1/../../../../pic32mx/lib\libc-musl.a(__fmt_fp.o)
 .debug_aranges
                0x0000000000000c78       0x20 d:/mplab_x_ide_pic32/microchip/xc32/v4.60/bin/bin/../../lib/gcc/pic32mx/8.3.1/../../../../pic32mx/lib\libc-musl.a(__fmt_o.o)
 .debug_aranges
                0x0000000000000c98       0x20 d:/mplab_x_ide_pic32/microchip/xc32/v4.60/bin/bin/../../lib/gcc/pic32mx/8.3.1/../../../../pic32mx/lib\libc-musl.a(__fmt_s.o)
 .debug_aranges
                0x0000000000000cb8       0x20 d:/mplab_x_ide_pic32/microchip/xc32/v4.60/bin/bin/../../lib/gcc/pic32mx/8.3.1/../../../../pic32mx/lib\libc-musl.a(__fmt_u.o)
 .debug_aranges
                0x0000000000000cd8       0x20 d:/mplab_x_ide_pic32/microchip/xc32/v4.60/bin/bin/../../lib/gcc/pic32mx/8.3.1/../../../../pic32mx/lib\libc-musl.a(__fmt_x.o)
 .debug_aranges
                0x0000000000000cf8       0x28 d:/mplab_x_ide_pic32/microchip/xc32/v4.60/bin/bin/../../lib/gcc/pic32mx/8.3.1/../../../../pic32mx/lib\libc-musl.a(toupper.o)
 .debug_aranges
                0x0000000000000d20       0x20 d:/mplab_x_ide_pic32/microchip/xc32/v4.60/bin/bin/../../lib/gcc/pic32mx/8.3.1/../../../../pic32mx/lib\libc-musl.a(__cvt_u.o)
 .debug_aranges
                0x0000000000000d40       0x30 d:/mplab_x_ide_pic32/microchip/xc32/v4.60/bin/bin/../../lib/gcc/pic32mx/8.3.1/../../../../pic32mx/lib\libm-musl.a(fma.o)
 .debug_aranges
                0x0000000000000d70       0x20 d:/mplab_x_ide_pic32/microchip/xc32/v4.60/bin/bin/../../lib/gcc/pic32mx/8.3.1/../../../../pic32mx/lib\libm-musl.a(scalbn.o)
 .debug_aranges
                0x0000000000000d90       0x20 d:/mplab_x_ide_pic32/microchip/xc32/v4.60/bin/bin/../../lib/gcc/pic32mx/8.3.1/../../../../pic32mx/lib\libc-size-musl.a(memset.o)
 .debug_aranges
                0x0000000000000db0       0x20 d:/mplab_x_ide_pic32/microchip/xc32/v4.60/bin/bin/../../lib/gcc/pic32mx/8.3.1/../../../../pic32mx/lib\libc-size-musl.a(strcpy.o)
 .debug_aranges
                0x0000000000000dd0       0x20 d:/mplab_x_ide_pic32/microchip/xc32/v4.60/bin/bin/../../lib/gcc/pic32mx/8.3.1/../../../../pic32mx/lib\libc-size-musl.a(stpcpy.o)
 .debug_aranges
                0x0000000000000df0       0x20 d:/mplab_x_ide_pic32/microchip/xc32/v4.60/bin/bin/../../lib/gcc/pic32mx/8.3.1/../../../../pic32mx/lib\libe.a(_floatdidf.o)
 .debug_aranges
                0x0000000000000e10       0x20 d:/mplab_x_ide_pic32/microchip/xc32/v4.60/bin/bin/../../lib/gcc/pic32mx/8.3.1\libgcc.a(_lshrdi3.o)
 .debug_aranges
                0x0000000000000e30       0x20 d:/mplab_x_ide_pic32/microchip/xc32/v4.60/bin/bin/../../lib/gcc/pic32mx/8.3.1\libgcc.a(_ashldi3.o)
 .debug_aranges
                0x0000000000000e50       0x20 d:/mplab_x_ide_pic32/microchip/xc32/v4.60/bin/bin/../../lib/gcc/pic32mx/8.3.1\libgcc.a(_udivdi3.o)
 .debug_aranges
                0x0000000000000e70       0x20 d:/mplab_x_ide_pic32/microchip/xc32/v4.60/bin/bin/../../lib/gcc/pic32mx/8.3.1\libgcc.a(_umoddi3.o)

.debug_pubnames
 *.elf(.debug_pubnames)
 *(.debug_pubnames)

.debug_info     0x0000000000000000    0x27502
 *.elf(.debug_info .gnu.linkonce.wi.*)
 *(.debug_info .gnu.linkonce.wi.*)
 .debug_info    0x0000000000000000     0x1090 build/default/production/APP_FILES/DEVICES/can_protocol.o
 .debug_info    0x0000000000001090      0xf63 build/default/production/APP_FILES/DEVICES/debug_uart.o
 .debug_info    0x0000000000001ff3      0xe6a build/default/production/APP_FILES/DEVICES/eeprom_24cxx.o
 .debug_info    0x0000000000002e5d      0xf40 build/default/production/APP_FILES/DEVICES/keypad.o
 .debug_info    0x0000000000003d9d      0xcc8 build/default/production/APP_FILES/DEVICES/lcd_12864.o
 .debug_info    0x0000000000004a65      0xd37 build/default/production/APP_FILES/DEVICES/door_lock.o
 .debug_info    0x000000000000579c      0xec9 build/default/production/APP_FILES/DRIVERS/lcd_drv_st7920.o
 .debug_info    0x0000000000006665     0x22dd build/default/production/APP_FILES/EXAMPLES/codec_user_test.o
 .debug_info    0x0000000000008942     0x2093 build/default/production/APP_FILES/EXAMPLES/keypad_test.o
 .debug_info    0x000000000000a9d5     0x2012 build/default/production/APP_FILES/EXAMPLES/debug_uart_test.o
 .debug_info    0x000000000000c9e7     0x3792 build/default/production/APP_FILES/LIBRARIES/user_manager.o
 .debug_info    0x0000000000010179      0x9e9 build/default/production/APP_FILES/UTILS/codec_user.o
 .debug_info    0x0000000000010b62      0x854 build/default/production/APP_FILES/UTILS/delay.o
 .debug_info    0x00000000000113b6     0x3214 build/default/production/APP_FILES/application.o
 .debug_info    0x00000000000145ca      0xd90 build/default/production/_ext/60165182/plib_can1.o
 .debug_info    0x000000000001535a      0x377 build/default/production/_ext/60165520/plib_clk.o
 .debug_info    0x00000000000156d1      0x676 build/default/production/_ext/1249264884/plib_coretimer.o
 .debug_info    0x0000000000015d47      0x36d build/default/production/_ext/1865200349/plib_evic.o
 .debug_info    0x00000000000160b4      0x785 build/default/production/_ext/1865254177/plib_gpio.o
 .debug_info    0x0000000000016839      0xb45 build/default/production/_ext/513455433/plib_i2c1_master.o
 .debug_info    0x000000000001737e      0x177 build/default/production/_ext/60169480/plib_i2c_smbus_common.o
 .debug_info    0x00000000000174f5      0x727 build/default/production/_ext/1865638794/plib_tmr1.o
 .debug_info    0x0000000000017c1c      0x835 build/default/production/_ext/1865657120/plib_uart2.o
 .debug_info    0x0000000000018451       0xe7 build/default/production/_ext/163028504/xc32_monitor.o
 .debug_info    0x0000000000018538      0x19d build/default/production/_ext/1171490990/interrupts.o
 .debug_info    0x00000000000186d5      0x399 build/default/production/_ext/1171490990/initialization.o
 .debug_info    0x0000000000018a6e       0xe4 build/default/production/_ext/1171490990/exceptions.o
 .debug_info    0x0000000000018b52     0x1d1c build/default/production/_ext/1360937237/main.o
 .debug_info    0x000000000001a86e     0x2169 build/default/production/APP_FILES/EXAMPLES/eeprom_test.o
 .debug_info    0x000000000001c9d7     0x2fc2 build/default/production/APP_FILES/EXAMPLES/can_eeprom_test.o
 .debug_info    0x000000000001f999     0x232c build/default/production/APP_FILES/EXAMPLES/door_lock_test.o
 .debug_info    0x0000000000021cc5       0x9d d:/mplab_x_ide_pic32/microchip/xc32/v4.60/bin/bin/../../lib/gcc/pic32mx/8.3.1\libgcc.a(floatunsisf.o)
 .debug_info    0x0000000000021d62       0x3f d:/mplab_x_ide_pic32/microchip/xc32/v4.60/bin/bin/../../lib/gcc/pic32mx/8.3.1/../../../../pic32mx/lib\libpic32.a(default-on-reset.o)
 .debug_info    0x0000000000021da1       0x3f d:/mplab_x_ide_pic32/microchip/xc32/v4.60/bin/bin/../../lib/gcc/pic32mx/8.3.1/../../../../pic32mx/lib\libpic32.a(default-on-bootstrap.o)
 .debug_info    0x0000000000021de0       0x40 d:/mplab_x_ide_pic32/microchip/xc32/v4.60/bin/bin/../../lib/gcc/pic32mx/8.3.1/../../../../pic32mx/lib\libpic32.a(defaultinterrupt.o)
 .debug_info    0x0000000000021e20       0xd2 d:/mplab_x_ide_pic32/microchip/xc32/v4.60/bin/bin/../../lib/gcc/pic32mx/8.3.1/../../../../pic32mx/lib\libc-size-musl.a(memcmp.o)
 .debug_info    0x0000000000021ef2       0xf7 d:/mplab_x_ide_pic32/microchip/xc32/v4.60/bin/bin/../../lib/gcc/pic32mx/8.3.1/../../../../pic32mx/lib\libc-size-musl.a(memcpy.o)
 .debug_info    0x0000000000021fe9       0xa3 d:/mplab_x_ide_pic32/microchip/xc32/v4.60/bin/bin/../../lib/gcc/pic32mx/8.3.1/../../../../pic32mx/lib\libc-size-musl.a(strlen.o)
 .debug_info    0x000000000002208c       0xdc d:/mplab_x_ide_pic32/microchip/xc32/v4.60/bin/bin/../../lib/gcc/pic32mx/8.3.1/../../../../pic32mx/lib\libc-size-musl.a(strncpy.o)
 .debug_info    0x0000000000022168       0xdf d:/mplab_x_ide_pic32/microchip/xc32/v4.60/bin/bin/../../lib/gcc/pic32mx/8.3.1/../../../../pic32mx/lib\libc-size-musl.a(stpncpy.o)
 .debug_info    0x0000000000022247      0x41a d:/mplab_x_ide_pic32/microchip/xc32/v4.60/bin/bin/../../lib/gcc/pic32mx/8.3.1/../../../../pic32mx/lib\libc-musl.a(vsnprintf.o)
 .debug_info    0x0000000000022661      0x128 d:/mplab_x_ide_pic32/microchip/xc32/v4.60/bin/bin/../../lib/gcc/pic32mx/8.3.1/../../../../pic32mx/lib\libc-musl.a(snprintf.o)
 .debug_info    0x0000000000022789      0x3ef d:/mplab_x_ide_pic32/microchip/xc32/v4.60/bin/bin/../../lib/gcc/pic32mx/8.3.1/../../../../pic32mx/lib\libc-musl.a(vfprintf.o)
 .debug_info    0x0000000000022b78      0x17e d:/mplab_x_ide_pic32/microchip/xc32/v4.60/bin/bin/../../lib/gcc/pic32mx/8.3.1/../../../../pic32mx/lib\libc-musl.a(__io_fmt_needed.o)
 .debug_info    0x0000000000022cf6      0x134 d:/mplab_x_ide_pic32/microchip/xc32/v4.60/bin/bin/../../lib/gcc/pic32mx/8.3.1/../../../../pic32mx/lib\libc-musl.a(__pop_float.o)
 .debug_info    0x0000000000022e2a      0x14e d:/mplab_x_ide_pic32/microchip/xc32/v4.60/bin/bin/../../lib/gcc/pic32mx/8.3.1/../../../../pic32mx/lib\libc-musl.a(__pop_int.o)
 .debug_info    0x0000000000022f78      0x15e d:/mplab_x_ide_pic32/microchip/xc32/v4.60/bin/bin/../../lib/gcc/pic32mx/8.3.1/../../../../pic32mx/lib\libc-musl.a(__pop_ptr.o)
 .debug_info    0x00000000000230d6      0xa27 d:/mplab_x_ide_pic32/microchip/xc32/v4.60/bin/bin/../../lib/gcc/pic32mx/8.3.1/../../../../pic32mx/lib\libc-musl.a(__printf_core.o)
 .debug_info    0x0000000000023afd       0xee d:/mplab_x_ide_pic32/microchip/xc32/v4.60/bin/bin/../../lib/gcc/pic32mx/8.3.1/../../../../pic32mx/lib\libc-musl.a(atoi.o)
 .debug_info    0x0000000000023beb      0x11b d:/mplab_x_ide_pic32/microchip/xc32/v4.60/bin/bin/../../lib/gcc/pic32mx/8.3.1/../../../../pic32mx/lib\libc-musl.a(tolower.o)
 .debug_info    0x0000000000023d06      0x5ec d:/mplab_x_ide_pic32/microchip/xc32/v4.60/bin/bin/../../lib/gcc/pic32mx/8.3.1/../../../../pic32mx/lib\libc-musl.a(__fmt_a.o)
 .debug_info    0x00000000000242f2      0x327 d:/mplab_x_ide_pic32/microchip/xc32/v4.60/bin/bin/../../lib/gcc/pic32mx/8.3.1/../../../../pic32mx/lib\libc-musl.a(__fmt_d.o)
 .debug_info    0x0000000000024619      0x613 d:/mplab_x_ide_pic32/microchip/xc32/v4.60/bin/bin/../../lib/gcc/pic32mx/8.3.1/../../../../pic32mx/lib\libc-musl.a(__fmt_fp.o)
 .debug_info    0x0000000000024c2c      0x2f8 d:/mplab_x_ide_pic32/microchip/xc32/v4.60/bin/bin/../../lib/gcc/pic32mx/8.3.1/../../../../pic32mx/lib\libc-musl.a(__fmt_o.o)
 .debug_info    0x0000000000024f24      0x2a9 d:/mplab_x_ide_pic32/microchip/xc32/v4.60/bin/bin/../../lib/gcc/pic32mx/8.3.1/../../../../pic32mx/lib\libc-musl.a(__fmt_s.o)
 .debug_info    0x00000000000251cd      0x2f8 d:/mplab_x_ide_pic32/microchip/xc32/v4.60/bin/bin/../../lib/gcc/pic32mx/8.3.1/../../../../pic32mx/lib\libc-musl.a(__fmt_u.o)
 .debug_info    0x00000000000254c5      0x328 d:/mplab_x_ide_pic32/microchip/xc32/v4.60/bin/bin/../../lib/gcc/pic32mx/8.3.1/../../../../pic32mx/lib\libc-musl.a(__fmt_x.o)
 .debug_info    0x00000000000257ed      0x11b d:/mplab_x_ide_pic32/microchip/xc32/v4.60/bin/bin/../../lib/gcc/pic32mx/8.3.1/../../../../pic32mx/lib\libc-musl.a(toupper.o)
 .debug_info    0x0000000000025908      0x1d0 d:/mplab_x_ide_pic32/microchip/xc32/v4.60/bin/bin/../../lib/gcc/pic32mx/8.3.1/../../../../pic32mx/lib\libc-musl.a(__cvt_u.o)
 .debug_info    0x0000000000025ad8      0x528 d:/mplab_x_ide_pic32/microchip/xc32/v4.60/bin/bin/../../lib/gcc/pic32mx/8.3.1/../../../../pic32mx/lib\libm-musl.a(fma.o)
 .debug_info    0x0000000000026000      0x109 d:/mplab_x_ide_pic32/microchip/xc32/v4.60/bin/bin/../../lib/gcc/pic32mx/8.3.1/../../../../pic32mx/lib\libm-musl.a(scalbn.o)
 .debug_info    0x0000000000026109       0xc0 d:/mplab_x_ide_pic32/microchip/xc32/v4.60/bin/bin/../../lib/gcc/pic32mx/8.3.1/../../../../pic32mx/lib\libc-size-musl.a(memset.o)
 .debug_info    0x00000000000261c9       0xbb d:/mplab_x_ide_pic32/microchip/xc32/v4.60/bin/bin/../../lib/gcc/pic32mx/8.3.1/../../../../pic32mx/lib\libc-size-musl.a(strcpy.o)
 .debug_info    0x0000000000026284       0xab d:/mplab_x_ide_pic32/microchip/xc32/v4.60/bin/bin/../../lib/gcc/pic32mx/8.3.1/../../../../pic32mx/lib\libc-size-musl.a(stpcpy.o)
 .debug_info    0x000000000002632f       0x77 d:/mplab_x_ide_pic32/microchip/xc32/v4.60/bin/bin/../../lib/gcc/pic32mx/8.3.1/../../../../pic32mx/lib\libe.a(_floatdidf.o)
 .debug_info    0x00000000000263a6      0x1aa d:/mplab_x_ide_pic32/microchip/xc32/v4.60/bin/bin/../../lib/gcc/pic32mx/8.3.1\libgcc.a(_lshrdi3.o)
 .debug_info    0x0000000000026550      0x1aa d:/mplab_x_ide_pic32/microchip/xc32/v4.60/bin/bin/../../lib/gcc/pic32mx/8.3.1\libgcc.a(_ashldi3.o)
 .debug_info    0x00000000000266fa      0x6ca d:/mplab_x_ide_pic32/microchip/xc32/v4.60/bin/bin/../../lib/gcc/pic32mx/8.3.1\libgcc.a(_udivdi3.o)
 .debug_info    0x0000000000026dc4      0x73e d:/mplab_x_ide_pic32/microchip/xc32/v4.60/bin/bin/../../lib/gcc/pic32mx/8.3.1\libgcc.a(_umoddi3.o)

.debug_abbrev   0x0000000000000000     0x7f8f
 *.elf(.debug_abbrev)
 *(.debug_abbrev)
 .debug_abbrev  0x0000000000000000      0x3d8 build/default/production/APP_FILES/DEVICES/can_protocol.o
 .debug_abbrev  0x00000000000003d8      0x36e build/default/production/APP_FILES/DEVICES/debug_uart.o
 .debug_abbrev  0x0000000000000746      0x392 build/default/production/APP_FILES/DEVICES/eeprom_24cxx.o
 .debug_abbrev  0x0000000000000ad8      0x45a build/default/production/APP_FILES/DEVICES/keypad.o
 .debug_abbrev  0x0000000000000f32      0x30c build/default/production/APP_FILES/DEVICES/lcd_12864.o
 .debug_abbrev  0x000000000000123e      0x343 build/default/production/APP_FILES/DEVICES/door_lock.o
 .debug_abbrev  0x0000000000001581      0x2ed build/default/production/APP_FILES/DRIVERS/lcd_drv_st7920.o
 .debug_abbrev  0x000000000000186e      0x466 build/default/production/APP_FILES/EXAMPLES/codec_user_test.o
 .debug_abbrev  0x0000000000001cd4      0x4b3 build/default/production/APP_FILES/EXAMPLES/keypad_test.o
 .debug_abbrev  0x0000000000002187      0x462 build/default/production/APP_FILES/EXAMPLES/debug_uart_test.o
 .debug_abbrev  0x00000000000025e9      0x55e build/default/production/APP_FILES/LIBRARIES/user_manager.o
 .debug_abbrev  0x0000000000002b47      0x224 build/default/production/APP_FILES/UTILS/codec_user.o
 .debug_abbrev  0x0000000000002d6b      0x1f7 build/default/production/APP_FILES/UTILS/delay.o
 .debug_abbrev  0x0000000000002f62      0x4ee build/default/production/APP_FILES/application.o
 .debug_abbrev  0x0000000000003450      0x339 build/default/production/_ext/60165182/plib_can1.o
 .debug_abbrev  0x0000000000003789       0xc5 build/default/production/_ext/60165520/plib_clk.o
 .debug_abbrev  0x000000000000384e      0x178 build/default/production/_ext/1249264884/plib_coretimer.o
 .debug_abbrev  0x00000000000039c6       0xd7 build/default/production/_ext/1865200349/plib_evic.o
 .debug_abbrev  0x0000000000003a9d      0x24a build/default/production/_ext/1865254177/plib_gpio.o
 .debug_abbrev  0x0000000000003ce7      0x297 build/default/production/_ext/513455433/plib_i2c1_master.o
 .debug_abbrev  0x0000000000003f7e       0xf3 build/default/production/_ext/60169480/plib_i2c_smbus_common.o
 .debug_abbrev  0x0000000000004071      0x221 build/default/production/_ext/1865638794/plib_tmr1.o
 .debug_abbrev  0x0000000000004292      0x230 build/default/production/_ext/1865657120/plib_uart2.o
 .debug_abbrev  0x00000000000044c2       0x9e build/default/production/_ext/163028504/xc32_monitor.o
 .debug_abbrev  0x0000000000004560       0x81 build/default/production/_ext/1171490990/interrupts.o
 .debug_abbrev  0x00000000000045e1      0x115 build/default/production/_ext/1171490990/initialization.o
 .debug_abbrev  0x00000000000046f6       0x67 build/default/production/_ext/1171490990/exceptions.o
 .debug_abbrev  0x000000000000475d      0x3d9 build/default/production/_ext/1360937237/main.o
 .debug_abbrev  0x0000000000004b36      0x49a build/default/production/APP_FILES/EXAMPLES/eeprom_test.o
 .debug_abbrev  0x0000000000004fd0      0x4e3 build/default/production/APP_FILES/EXAMPLES/can_eeprom_test.o
 .debug_abbrev  0x00000000000054b3      0x4af build/default/production/APP_FILES/EXAMPLES/door_lock_test.o
 .debug_abbrev  0x0000000000005962       0x7d d:/mplab_x_ide_pic32/microchip/xc32/v4.60/bin/bin/../../lib/gcc/pic32mx/8.3.1\libgcc.a(floatunsisf.o)
 .debug_abbrev  0x00000000000059df       0x2e d:/mplab_x_ide_pic32/microchip/xc32/v4.60/bin/bin/../../lib/gcc/pic32mx/8.3.1/../../../../pic32mx/lib\libpic32.a(default-on-reset.o)
 .debug_abbrev  0x0000000000005a0d       0x2e d:/mplab_x_ide_pic32/microchip/xc32/v4.60/bin/bin/../../lib/gcc/pic32mx/8.3.1/../../../../pic32mx/lib\libpic32.a(default-on-bootstrap.o)
 .debug_abbrev  0x0000000000005a3b       0x31 d:/mplab_x_ide_pic32/microchip/xc32/v4.60/bin/bin/../../lib/gcc/pic32mx/8.3.1/../../../../pic32mx/lib\libpic32.a(defaultinterrupt.o)
 .debug_abbrev  0x0000000000005a6c       0xa7 d:/mplab_x_ide_pic32/microchip/xc32/v4.60/bin/bin/../../lib/gcc/pic32mx/8.3.1/../../../../pic32mx/lib\libc-size-musl.a(memcmp.o)
 .debug_abbrev  0x0000000000005b13       0xaa d:/mplab_x_ide_pic32/microchip/xc32/v4.60/bin/bin/../../lib/gcc/pic32mx/8.3.1/../../../../pic32mx/lib\libc-size-musl.a(memcpy.o)
 .debug_abbrev  0x0000000000005bbd       0x91 d:/mplab_x_ide_pic32/microchip/xc32/v4.60/bin/bin/../../lib/gcc/pic32mx/8.3.1/../../../../pic32mx/lib\libc-size-musl.a(strlen.o)
 .debug_abbrev  0x0000000000005c4e       0x9d d:/mplab_x_ide_pic32/microchip/xc32/v4.60/bin/bin/../../lib/gcc/pic32mx/8.3.1/../../../../pic32mx/lib\libc-size-musl.a(strncpy.o)
 .debug_abbrev  0x0000000000005ceb       0xa5 d:/mplab_x_ide_pic32/microchip/xc32/v4.60/bin/bin/../../lib/gcc/pic32mx/8.3.1/../../../../pic32mx/lib\libc-size-musl.a(stpncpy.o)
 .debug_abbrev  0x0000000000005d90      0x182 d:/mplab_x_ide_pic32/microchip/xc32/v4.60/bin/bin/../../lib/gcc/pic32mx/8.3.1/../../../../pic32mx/lib\libc-musl.a(vsnprintf.o)
 .debug_abbrev  0x0000000000005f12       0xdb d:/mplab_x_ide_pic32/microchip/xc32/v4.60/bin/bin/../../lib/gcc/pic32mx/8.3.1/../../../../pic32mx/lib\libc-musl.a(snprintf.o)
 .debug_abbrev  0x0000000000005fed      0x178 d:/mplab_x_ide_pic32/microchip/xc32/v4.60/bin/bin/../../lib/gcc/pic32mx/8.3.1/../../../../pic32mx/lib\libc-musl.a(vfprintf.o)
 .debug_abbrev  0x0000000000006165       0x67 d:/mplab_x_ide_pic32/microchip/xc32/v4.60/bin/bin/../../lib/gcc/pic32mx/8.3.1/../../../../pic32mx/lib\libc-musl.a(__io_fmt_needed.o)
 .debug_abbrev  0x00000000000061cc       0xc3 d:/mplab_x_ide_pic32/microchip/xc32/v4.60/bin/bin/../../lib/gcc/pic32mx/8.3.1/../../../../pic32mx/lib\libc-musl.a(__pop_float.o)
 .debug_abbrev  0x000000000000628f       0xc3 d:/mplab_x_ide_pic32/microchip/xc32/v4.60/bin/bin/../../lib/gcc/pic32mx/8.3.1/../../../../pic32mx/lib\libc-musl.a(__pop_int.o)
 .debug_abbrev  0x0000000000006352       0xd7 d:/mplab_x_ide_pic32/microchip/xc32/v4.60/bin/bin/../../lib/gcc/pic32mx/8.3.1/../../../../pic32mx/lib\libc-musl.a(__pop_ptr.o)
 .debug_abbrev  0x0000000000006429      0x318 d:/mplab_x_ide_pic32/microchip/xc32/v4.60/bin/bin/../../lib/gcc/pic32mx/8.3.1/../../../../pic32mx/lib\libc-musl.a(__printf_core.o)
 .debug_abbrev  0x0000000000006741       0xc4 d:/mplab_x_ide_pic32/microchip/xc32/v4.60/bin/bin/../../lib/gcc/pic32mx/8.3.1/../../../../pic32mx/lib\libc-musl.a(atoi.o)
 .debug_abbrev  0x0000000000006805       0xf1 d:/mplab_x_ide_pic32/microchip/xc32/v4.60/bin/bin/../../lib/gcc/pic32mx/8.3.1/../../../../pic32mx/lib\libc-musl.a(tolower.o)
 .debug_abbrev  0x00000000000068f6      0x1d5 d:/mplab_x_ide_pic32/microchip/xc32/v4.60/bin/bin/../../lib/gcc/pic32mx/8.3.1/../../../../pic32mx/lib\libc-musl.a(__fmt_a.o)
 .debug_abbrev  0x0000000000006acb      0x161 d:/mplab_x_ide_pic32/microchip/xc32/v4.60/bin/bin/../../lib/gcc/pic32mx/8.3.1/../../../../pic32mx/lib\libc-musl.a(__fmt_d.o)
 .debug_abbrev  0x0000000000006c2c      0x1d8 d:/mplab_x_ide_pic32/microchip/xc32/v4.60/bin/bin/../../lib/gcc/pic32mx/8.3.1/../../../../pic32mx/lib\libc-musl.a(__fmt_fp.o)
 .debug_abbrev  0x0000000000006e04      0x161 d:/mplab_x_ide_pic32/microchip/xc32/v4.60/bin/bin/../../lib/gcc/pic32mx/8.3.1/../../../../pic32mx/lib\libc-musl.a(__fmt_o.o)
 .debug_abbrev  0x0000000000006f65      0x14c d:/mplab_x_ide_pic32/microchip/xc32/v4.60/bin/bin/../../lib/gcc/pic32mx/8.3.1/../../../../pic32mx/lib\libc-musl.a(__fmt_s.o)
 .debug_abbrev  0x00000000000070b1      0x161 d:/mplab_x_ide_pic32/microchip/xc32/v4.60/bin/bin/../../lib/gcc/pic32mx/8.3.1/../../../../pic32mx/lib\libc-musl.a(__fmt_u.o)
 .debug_abbrev  0x0000000000007212      0x150 d:/mplab_x_ide_pic32/microchip/xc32/v4.60/bin/bin/../../lib/gcc/pic32mx/8.3.1/../../../../pic32mx/lib\libc-musl.a(__fmt_x.o)
 .debug_abbrev  0x0000000000007362       0xf1 d:/mplab_x_ide_pic32/microchip/xc32/v4.60/bin/bin/../../lib/gcc/pic32mx/8.3.1/../../../../pic32mx/lib\libc-musl.a(toupper.o)
 .debug_abbrev  0x0000000000007453       0xe5 d:/mplab_x_ide_pic32/microchip/xc32/v4.60/bin/bin/../../lib/gcc/pic32mx/8.3.1/../../../../pic32mx/lib\libc-musl.a(__cvt_u.o)
 .debug_abbrev  0x0000000000007538      0x249 d:/mplab_x_ide_pic32/microchip/xc32/v4.60/bin/bin/../../lib/gcc/pic32mx/8.3.1/../../../../pic32mx/lib\libm-musl.a(fma.o)
 .debug_abbrev  0x0000000000007781       0xac d:/mplab_x_ide_pic32/microchip/xc32/v4.60/bin/bin/../../lib/gcc/pic32mx/8.3.1/../../../../pic32mx/lib\libm-musl.a(scalbn.o)
 .debug_abbrev  0x000000000000782d       0x91 d:/mplab_x_ide_pic32/microchip/xc32/v4.60/bin/bin/../../lib/gcc/pic32mx/8.3.1/../../../../pic32mx/lib\libc-size-musl.a(memset.o)
 .debug_abbrev  0x00000000000078be       0xa2 d:/mplab_x_ide_pic32/microchip/xc32/v4.60/bin/bin/../../lib/gcc/pic32mx/8.3.1/../../../../pic32mx/lib\libc-size-musl.a(strcpy.o)
 .debug_abbrev  0x0000000000007960       0x6e d:/mplab_x_ide_pic32/microchip/xc32/v4.60/bin/bin/../../lib/gcc/pic32mx/8.3.1/../../../../pic32mx/lib\libc-size-musl.a(stpcpy.o)
 .debug_abbrev  0x00000000000079ce       0x61 d:/mplab_x_ide_pic32/microchip/xc32/v4.60/bin/bin/../../lib/gcc/pic32mx/8.3.1/../../../../pic32mx/lib\libe.a(_floatdidf.o)
 .debug_abbrev  0x0000000000007a2f      0x121 d:/mplab_x_ide_pic32/microchip/xc32/v4.60/bin/bin/../../lib/gcc/pic32mx/8.3.1\libgcc.a(_lshrdi3.o)
 .debug_abbrev  0x0000000000007b50      0x121 d:/mplab_x_ide_pic32/microchip/xc32/v4.60/bin/bin/../../lib/gcc/pic32mx/8.3.1\libgcc.a(_ashldi3.o)
 .debug_abbrev  0x0000000000007c71      0x184 d:/mplab_x_ide_pic32/microchip/xc32/v4.60/bin/bin/../../lib/gcc/pic32mx/8.3.1\libgcc.a(_udivdi3.o)
 .debug_abbrev  0x0000000000007df5      0x19a d:/mplab_x_ide_pic32/microchip/xc32/v4.60/bin/bin/../../lib/gcc/pic32mx/8.3.1\libgcc.a(_umoddi3.o)

.debug_line     0x0000000000000000     0xec06
 *.elf(.debug_line)
 *(.debug_line)
 .debug_line    0x0000000000000000      0x5c2 build/default/production/APP_FILES/DEVICES/can_protocol.o
 .debug_line    0x00000000000005c2      0x521 build/default/production/APP_FILES/DEVICES/debug_uart.o
 .debug_line    0x0000000000000ae3      0x522 build/default/production/APP_FILES/DEVICES/eeprom_24cxx.o
 .debug_line    0x0000000000001005      0x637 build/default/production/APP_FILES/DEVICES/keypad.o
 .debug_line    0x000000000000163c      0x3fe build/default/production/APP_FILES/DEVICES/lcd_12864.o
 .debug_line    0x0000000000001a3a      0x567 build/default/production/APP_FILES/DEVICES/door_lock.o
 .debug_line    0x0000000000001fa1      0x53a build/default/production/APP_FILES/DRIVERS/lcd_drv_st7920.o
 .debug_line    0x00000000000024db      0x5a9 build/default/production/APP_FILES/EXAMPLES/codec_user_test.o
 .debug_line    0x0000000000002a84      0x5c0 build/default/production/APP_FILES/EXAMPLES/keypad_test.o
 .debug_line    0x0000000000003044      0x52a build/default/production/APP_FILES/EXAMPLES/debug_uart_test.o
 .debug_line    0x000000000000356e      0xa84 build/default/production/APP_FILES/LIBRARIES/user_manager.o
 .debug_line    0x0000000000003ff2      0x41b build/default/production/APP_FILES/UTILS/codec_user.o
 .debug_line    0x000000000000440d      0x2c3 build/default/production/APP_FILES/UTILS/delay.o
 .debug_line    0x00000000000046d0      0x692 build/default/production/APP_FILES/application.o
 .debug_line    0x0000000000004d62      0xbc4 build/default/production/_ext/60165182/plib_can1.o
 .debug_line    0x0000000000005926      0x141 build/default/production/_ext/60165520/plib_clk.o
 .debug_line    0x0000000000005a67      0x27a build/default/production/_ext/1249264884/plib_coretimer.o
 .debug_line    0x0000000000005ce1      0x2ee build/default/production/_ext/1865200349/plib_evic.o
 .debug_line    0x0000000000005fcf      0x4aa build/default/production/_ext/1865254177/plib_gpio.o
 .debug_line    0x0000000000006479      0xa0a build/default/production/_ext/513455433/plib_i2c1_master.o
 .debug_line    0x0000000000006e83      0x135 build/default/production/_ext/60169480/plib_i2c_smbus_common.o
 .debug_line    0x0000000000006fb8      0x2bd build/default/production/_ext/1865638794/plib_tmr1.o
 .debug_line    0x0000000000007275      0x8ab build/default/production/_ext/1865657120/plib_uart2.o
 .debug_line    0x0000000000007b20       0xeb build/default/production/_ext/163028504/xc32_monitor.o